Archive member included to satisfy reference by file (symbol)

c:/ac6/systemworkbench/plugins/fr.ac6.mcu.externaltools.arm-none.win32_1.17.0.201812190825/tools/compiler/bin/../lib/gcc/arm-none-eabi/7.3.1/thumb/v7-m\libgcc.a(_arm_addsubdf3.o)
                              Src/main.o (__aeabi_ui2d)
c:/ac6/systemworkbench/plugins/fr.ac6.mcu.externaltools.arm-none.win32_1.17.0.201812190825/tools/compiler/bin/../lib/gcc/arm-none-eabi/7.3.1/thumb/v7-m\libgcc.a(_arm_muldivdf3.o)
                              Src/main.o (__aeabi_dmul)
c:/ac6/systemworkbench/plugins/fr.ac6.mcu.externaltools.arm-none.win32_1.17.0.201812190825/tools/compiler/bin/../lib/gcc/arm-none-eabi/7.3.1/thumb/v7-m\libgcc.a(_arm_fixunsdfsi.o)
                              Src/main.o (__aeabi_d2uiz)
c:/ac6/systemworkbench/plugins/fr.ac6.mcu.externaltools.arm-none.win32_1.17.0.201812190825/tools/compiler/bin/../lib/gcc/arm-none-eabi/7.3.1/../../../../arm-none-eabi/lib/thumb/v7-m\libc_nano.a(lib_a-errno.o)
                              Src/syscalls.o (__errno)
c:/ac6/systemworkbench/plugins/fr.ac6.mcu.externaltools.arm-none.win32_1.17.0.201812190825/tools/compiler/bin/../lib/gcc/arm-none-eabi/7.3.1/../../../../arm-none-eabi/lib/thumb/v7-m\libc_nano.a(lib_a-exit.o)
                              c:/ac6/systemworkbench/plugins/fr.ac6.mcu.externaltools.arm-none.win32_1.17.0.201812190825/tools/compiler/bin/../lib/gcc/arm-none-eabi/7.3.1/../../../../arm-none-eabi/lib/thumb/v7-m/crt0.o (exit)
c:/ac6/systemworkbench/plugins/fr.ac6.mcu.externaltools.arm-none.win32_1.17.0.201812190825/tools/compiler/bin/../lib/gcc/arm-none-eabi/7.3.1/../../../../arm-none-eabi/lib/thumb/v7-m\libc_nano.a(lib_a-impure.o)
                              c:/ac6/systemworkbench/plugins/fr.ac6.mcu.externaltools.arm-none.win32_1.17.0.201812190825/tools/compiler/bin/../lib/gcc/arm-none-eabi/7.3.1/../../../../arm-none-eabi/lib/thumb/v7-m\libc_nano.a(lib_a-exit.o) (_global_impure_ptr)
c:/ac6/systemworkbench/plugins/fr.ac6.mcu.externaltools.arm-none.win32_1.17.0.201812190825/tools/compiler/bin/../lib/gcc/arm-none-eabi/7.3.1/../../../../arm-none-eabi/lib/thumb/v7-m\libc_nano.a(lib_a-init.o)
                              c:/ac6/systemworkbench/plugins/fr.ac6.mcu.externaltools.arm-none.win32_1.17.0.201812190825/tools/compiler/bin/../lib/gcc/arm-none-eabi/7.3.1/../../../../arm-none-eabi/lib/thumb/v7-m/crt0.o (__libc_init_array)
c:/ac6/systemworkbench/plugins/fr.ac6.mcu.externaltools.arm-none.win32_1.17.0.201812190825/tools/compiler/bin/../lib/gcc/arm-none-eabi/7.3.1/../../../../arm-none-eabi/lib/thumb/v7-m\libc_nano.a(lib_a-memset.o)
                              c:/ac6/systemworkbench/plugins/fr.ac6.mcu.externaltools.arm-none.win32_1.17.0.201812190825/tools/compiler/bin/../lib/gcc/arm-none-eabi/7.3.1/../../../../arm-none-eabi/lib/thumb/v7-m/crt0.o (memset)
c:/ac6/systemworkbench/plugins/fr.ac6.mcu.externaltools.arm-none.win32_1.17.0.201812190825/tools/compiler/bin/../lib/gcc/arm-none-eabi/7.3.1/../../../../arm-none-eabi/lib/thumb/v7-m\libc_nano.a(lib_a-sprintf.o)
                              Src/main.o (sprintf)
c:/ac6/systemworkbench/plugins/fr.ac6.mcu.externaltools.arm-none.win32_1.17.0.201812190825/tools/compiler/bin/../lib/gcc/arm-none-eabi/7.3.1/../../../../arm-none-eabi/lib/thumb/v7-m\libc_nano.a(lib_a-strlen.o)
                              Src/main.o (strlen)
c:/ac6/systemworkbench/plugins/fr.ac6.mcu.externaltools.arm-none.win32_1.17.0.201812190825/tools/compiler/bin/../lib/gcc/arm-none-eabi/7.3.1/../../../../arm-none-eabi/lib/thumb/v7-m\libc_nano.a(lib_a-vsnprintf.o)
                              Src/main.o (vsnprintf)
c:/ac6/systemworkbench/plugins/fr.ac6.mcu.externaltools.arm-none.win32_1.17.0.201812190825/tools/compiler/bin/../lib/gcc/arm-none-eabi/7.3.1/../../../../arm-none-eabi/lib/thumb/v7-m\libc_nano.a(lib_a-nano-svfprintf.o)
                              c:/ac6/systemworkbench/plugins/fr.ac6.mcu.externaltools.arm-none.win32_1.17.0.201812190825/tools/compiler/bin/../lib/gcc/arm-none-eabi/7.3.1/../../../../arm-none-eabi/lib/thumb/v7-m\libc_nano.a(lib_a-sprintf.o) (_svfprintf_r)
c:/ac6/systemworkbench/plugins/fr.ac6.mcu.externaltools.arm-none.win32_1.17.0.201812190825/tools/compiler/bin/../lib/gcc/arm-none-eabi/7.3.1/../../../../arm-none-eabi/lib/thumb/v7-m\libc_nano.a(lib_a-nano-vfprintf_i.o)
                              c:/ac6/systemworkbench/plugins/fr.ac6.mcu.externaltools.arm-none.win32_1.17.0.201812190825/tools/compiler/bin/../lib/gcc/arm-none-eabi/7.3.1/../../../../arm-none-eabi/lib/thumb/v7-m\libc_nano.a(lib_a-nano-svfprintf.o) (_printf_i)
c:/ac6/systemworkbench/plugins/fr.ac6.mcu.externaltools.arm-none.win32_1.17.0.201812190825/tools/compiler/bin/../lib/gcc/arm-none-eabi/7.3.1/../../../../arm-none-eabi/lib/thumb/v7-m\libc_nano.a(lib_a-memchr-stub.o)
[...]
Memory Configuration

Name             Origin             Length             Attributes
RAM              0x20000000         0x00002800         xrw
FLASH            0x08000000         0x00008000         xr
*default*        0x00000000         0xffffffff

Linker script and memory map

LOAD c:/ac6/systemworkbench/plugins/fr.ac6.mcu.externaltools.arm-none.win32_1.17.0.201812190825/tools/compiler/bin/../lib/gcc/arm-none-eabi/7.3.1/thumb/v7-m/crti.o
LOAD c:/ac6/systemworkbench/plugins/fr.ac6.mcu.externaltools.arm-none.win32_1.17.0.201812190825/tools/compiler/bin/../lib/gcc/arm-none-eabi/7.3.1/thumb/v7-m/crtbegin.o
LOAD c:/ac6/systemworkbench/plugins/fr.ac6.mcu.externaltools.arm-none.win32_1.17.0.201812190825/tools/compiler/bin/../lib/gcc/arm-none-eabi/7.3.1/../../../../arm-none-eabi/lib/thumb/v7-m/crt0.o
LOAD Drivers/STM32F1xx_HAL_Driver/Src/stm32f1xx_hal.o
LOAD Drivers/STM32F1xx_HAL_Driver/Src/stm32f1xx_hal_cortex.o
LOAD Drivers/STM32F1xx_HAL_Driver/Src/stm32f1xx_hal_dma.o
LOAD Drivers/STM32F1xx_HAL_Driver/Src/stm32f1xx_hal_exti.o
LOAD Drivers/STM32F1xx_HAL_Driver/Src/stm32f1xx_hal_flash.o
LOAD Drivers/STM32F1xx_HAL_Driver/Src/stm32f1xx_hal_flash_ex.o
LOAD Drivers/STM32F1xx_HAL_Driver/Src/stm32f1xx_hal_gpio.o
LOAD Drivers/STM32F1xx_HAL_Driver/Src/stm32f1xx_hal_gpio_ex.o
LOAD Drivers/STM32F1xx_HAL_Driver/Src/stm32f1xx_hal_pwr.o
LOAD Drivers/STM32F1xx_HAL_Driver/Src/stm32f1xx_hal_rcc.o
LOAD Drivers/STM32F1xx_HAL_Driver/Src/stm32f1xx_hal_rcc_ex.o
LOAD Drivers/STM32F1xx_HAL_Driver/Src/stm32f1xx_hal_spi.o
LOAD Drivers/STM32F1xx_HAL_Driver/Src/stm32f1xx_hal_tim.o
LOAD Drivers/STM32F1xx_HAL_Driver/Src/stm32f1xx_hal_tim_ex.o
LOAD Drivers/STM32F1xx_HAL_Driver/Src/stm32f1xx_hal_uart.o
LOAD Middlewares/Third_Party/FatFs/src/diskio.o
LOAD Middlewares/Third_Party/FatFs/src/ff.o
LOAD Middlewares/Third_Party/FatFs/src/ff_gen_drv.o
LOAD Middlewares/Third_Party/FatFs/src/option/ccsbcs.o
LOAD Middlewares/Third_Party/FatFs/src/option/syscall.o
LOAD Src/fatfs.o
LOAD Src/fatfs_sd.o
LOAD Src/main.o
LOAD Src/stm32f1xx_hal_msp.o
LOAD Src/stm32f1xx_it.o
LOAD Src/syscalls.o
LOAD Src/system_stm32f1xx.o
LOAD Src/user_diskio.o
LOAD startup/startup_stm32f103x6.o
LOAD c:/ac6/systemworkbench/plugins/fr.ac6.mcu.externaltools.arm-none.win32_1.17.0.201812190825/tools/compiler/bin/../lib/gcc/arm-none-eabi/7.3.1/../../../../arm-none-eabi/lib/thumb/v7-m\libm.a
START GROUP
LOAD c:/ac6/systemworkbench/plugins/fr.ac6.mcu.externaltools.arm-none.win32_1.17.0.201812190825/tools/compiler/bin/../lib/gcc/arm-none-eabi/7.3.1/thumb/v7-m\libgcc.a
LOAD c:/ac6/systemworkbench/plugins/fr.ac6.mcu.externaltools.arm-none.win32_1.17.0.201812190825/tools/compiler/bin/../lib/gcc/arm-none-eabi/7.3.1/../../../../arm-none-eabi/lib/thumb/v7-m\libc_nano.a
END GROUP
START GROUP
LOAD c:/ac6/systemworkbench/plugins/fr.ac6.mcu.externaltools.arm-none.win32_1.17.0.201812190825/tools/compiler/bin/../lib/gcc/arm-none-eabi/7.3.1/thumb/v7-m\libgcc.a
LOAD c:/ac6/systemworkbench/plugins/fr.ac6.mcu.externaltools.arm-none.win32_1.17.0.201812190825/tools/compiler/bin/../lib/gcc/arm-none-eabi/7.3.1/../../../../arm-none-eabi/lib/thumb/v7-m\libc_nano.a
LOAD c:/ac6/systemworkbench/plugins/fr.ac6.mcu.externaltools.arm-none.win32_1.17.0.201812190825/tools/compiler/bin/../lib/gcc/arm-none-eabi/7.3.1/../../../../arm-none-eabi/lib/thumb/v7-m\libnosys.a
END GROUP
START GROUP
LOAD c:/ac6/systemworkbench/plugins/fr.ac6.mcu.externaltools.arm-none.win32_1.17.0.201812190825/tools/compiler/bin/../lib/gcc/arm-none-eabi/7.3.1/thumb/v7-m\libgcc.a
LOAD c:/ac6/systemworkbench/plugins/fr.ac6.mcu.externaltools.arm-none.win32_1.17.0.201812190825/tools/compiler/bin/../lib/gcc/arm-none-eabi/7.3.1/../../../../arm-none-eabi/lib/thumb/v7-m\libc_nano.a
LOAD c:/ac6/systemworkbench/plugins/fr.ac6.mcu.externaltools.arm-none.win32_1.17.0.201812190825/tools/compiler/bin/../lib/gcc/arm-none-eabi/7.3.1/../../../../arm-none-eabi/lib/thumb/v7-m\libnosys.a
END GROUP
LOAD c:/ac6/systemworkbench/plugins/fr.ac6.mcu.externaltools.arm-none.win32_1.17.0.201812190825/tools/compiler/bin/../lib/gcc/arm-none-eabi/7.3.1/thumb/v7-m/crtend.o
LOAD c:/ac6/systemworkbench/plugins/fr.ac6.mcu.externaltools.arm-none.win32_1.17.0.201812190825/tools/compiler/bin/../lib/gcc/arm-none-eabi/7.3.1/thumb/v7-m/crtn.o
                0x20002800                _estack = 0x20002800
                0x00000200                _Min_Heap_Size = 0x200
                0x00000400                _Min_Stack_Size = 0x400

.isr_vector     0x08000000      0x10c
                0x08000000                . = ALIGN (0x4)
 *(.isr_vector)
 .isr_vector    0x08000000      0x10c startup/startup_stm32f103x6.o
                0x08000000                g_pfnVectors
                0x0800010c                . = ALIGN (0x4)

.text           0x0800010c     0x58f4
                0x0800010c                . = ALIGN (0x4)
 *(.text)
 .text          0x0800010c       0x40 c:/ac6/systemworkbench/plugins/fr.ac6.mcu.externaltools.arm-none.win32_1.17.0.201812190825/tools/compiler/bin/../lib/gcc/arm-none-eabi/7.3.1/thumb/v7-m/crtbegin.o
 .text          0x0800014c      0x378 c:/ac6/systemworkbench/plugins/fr.ac6.mcu.externaltools.arm-none.win32_1.17.0.201812190825/tools/compiler/bin/../lib/gcc/arm-none-eabi/7.3.1/thumb/v7-m\libgcc.a(_arm_addsubdf3.o)
                0x0800014c                __aeabi_drsub
                0x08000154                __aeabi_dsub
                0x08000154                __subdf3
                0x08000158                __aeabi_dadd
                0x08000158                __adddf3
                0x080003d0                __floatunsidf
                0x080003d0                __aeabi_ui2d
                0x080003f0                __floatsidf
                0x080003f0                __aeabi_i2d
                0x08000414                __aeabi_f2d
                0x08000414                __extendsfdf2
                0x08000458                __floatundidf
                0x08000458                __aeabi_ul2d
                0x08000468                __floatdidf
                0x08000468                __aeabi_l2d
 .text          0x080004c4      0x424 c:/ac6/systemworkbench/plugins/fr.ac6.mcu.externaltools.arm-none.win32_1.17.0.201812190825/tools/compiler/bin/../lib/gcc/arm-none-eabi/7.3.1/thumb/v7-m\libgcc.a(_arm_muldivdf3.o)
                0x080004c4                __aeabi_dmul
                0x080004c4                __muldf3
                0x08000718                __divdf3
                0x08000718                __aeabi_ddiv
 .text          0x080008e8       0x40 c:/ac6/systemworkbench/plugins/fr.ac6.mcu.externaltools.arm-none.win32_1.17.0.201812190825/tools/compiler/bin/../lib/gcc/arm-none-eabi/7.3.1/thumb/v7-m\libgcc.a(_arm_fixunsdfsi.o)
                0x080008e8                __aeabi_d2uiz
                0x080008e8                __fixunsdfsi
 .text          0x08000928       0x10 c:/ac6/systemworkbench/plugins/fr.ac6.mcu.externaltools.arm-none.win32_1.17.0.201812190825/tools/compiler/bin/../lib/gcc/arm-none-eabi/7.3.1/../../../../arm-none-eabi/lib/thumb/v7-m\libc_nano.a(lib_a-strlen.o)
                0x08000928                strlen
 *(.text*)
 .text.HAL_InitTick
                0x08000938       0x48 Drivers/STM32F1xx_HAL_Driver/Src/stm32f1xx_hal.o
                0x08000938                HAL_InitTick
 .text.HAL_Init
                0x08000980       0x24 Drivers/STM32F1xx_HAL_Driver/Src/stm32f1xx_hal.o
                0x08000980                HAL_Init
 .text.HAL_IncTick
                0x080009a4       0x18 Drivers/STM32F1xx_HAL_Driver/Src/stm32f1xx_hal.o
                0x080009a4                HAL_IncTick
 .text.HAL_GetTick
                0x080009bc        0xc Drivers/STM32F1xx_HAL_Driver/Src/stm32f1xx_hal.o
                0x080009bc                HAL_GetTick
 .text.HAL_Delay
                0x080009c8       0x28 Drivers/STM32F1xx_HAL_Driver/Src/stm32f1xx_hal.o
                0x080009c8                HAL_Delay
 .text.HAL_NVIC_SetPriorityGrouping
                0x080009f0       0x24 Drivers/STM32F1xx_HAL_Driver/Src/stm32f1xx_hal_cortex.o
                0x080009f0                HAL_NVIC_SetPriorityGrouping
 .text.HAL_NVIC_SetPriority
                0x08000a14       0x68 Drivers/STM32F1xx_HAL_Driver/Src/stm32f1xx_hal_cortex.o
                0x08000a14                HAL_NVIC_SetPriority
 .text.HAL_SYSTICK_Config
                0x08000a7c       0x2c Drivers/STM32F1xx_HAL_Driver/Src/stm32f1xx_hal_cortex.o
                0x08000a7c                HAL_SYSTICK_Config
 .text.HAL_GPIO_Init
                0x08000aa8      0x1d0 Drivers/STM32F1xx_HAL_Driver/Src/stm32f1xx_hal_gpio.o
                0x08000aa8                HAL_GPIO_Init
 .text.HAL_GPIO_WritePin
                0x08000c78        0xc Drivers/STM32F1xx_HAL_Driver/Src/stm32f1xx_hal_gpio.o
                0x08000c78                HAL_GPIO_WritePin
 .text.RCC_Delay
                0x08000c84       0x2c Drivers/STM32F1xx_HAL_Driver/Src/stm32f1xx_hal_rcc.o
 .text.HAL_RCC_OscConfig
                0x08000cb0      0x410 Drivers/STM32F1xx_HAL_Driver/Src/stm32f1xx_hal_rcc.o
                0x08000cb0                HAL_RCC_OscConfig
 .text.HAL_RCC_GetSysClockFreq
                0x080010c0       0x70 Drivers/STM32F1xx_HAL_Driver/Src/stm32f1xx_hal_rcc.o
                0x080010c0                HAL_RCC_GetSysClockFreq
 .text.HAL_RCC_ClockConfig
                0x08001130      0x168 Drivers/STM32F1xx_HAL_Driver/Src/stm32f1xx_hal_rcc.o
                0x08001130                HAL_RCC_ClockConfig
 .text.HAL_RCC_GetHCLKFreq
                0x08001298        0xc Drivers/STM32F1xx_HAL_Driver/Src/stm32f1xx_hal_rcc.o
                0x08001298                HAL_RCC_GetHCLKFreq
 .text.HAL_RCC_GetPCLK1Freq
                0x080012a4       0x20 Drivers/STM32F1xx_HAL_Driver/Src/stm32f1xx_hal_rcc.o
                0x080012a4                HAL_RCC_GetPCLK1Freq
 .text.HAL_RCC_GetPCLK2Freq
                0x080012c4       0x20 Drivers/STM32F1xx_HAL_Driver/Src/stm32f1xx_hal_rcc.o
                0x080012c4                HAL_RCC_GetPCLK2Freq
 .text.SPI_WaitFlagStateUntilTimeout
                0x080012e4       0xd0 Drivers/STM32F1xx_HAL_Driver/Src/stm32f1xx_hal_spi.o
 .text.SPI_EndRxTxTransaction
                0x080013b4       0x28 Drivers/STM32F1xx_HAL_Driver/Src/stm32f1xx_hal_spi.o
 .text.HAL_SPI_Init
                0x080013dc       0xb6 Drivers/STM32F1xx_HAL_Driver/Src/stm32f1xx_hal_spi.o
                0x080013dc                HAL_SPI_Init
 .text.HAL_SPI_Transmit
                0x08001492      0x1a4 Drivers/STM32F1xx_HAL_Driver/Src/stm32f1xx_hal_spi.o
                0x08001492                HAL_SPI_Transmit
 .text.HAL_SPI_TransmitReceive
                0x08001636      0x22e Drivers/STM32F1xx_HAL_Driver/Src/stm32f1xx_hal_spi.o
                0x08001636                HAL_SPI_TransmitReceive
 .text.UART_SetConfig
                0x08001864       0x90 Drivers/STM32F1xx_HAL_Driver/Src/stm32f1xx_hal_uart.o
 .text.UART_WaitOnFlagUntilTimeout
                0x080018f4       0x62 Drivers/STM32F1xx_HAL_Driver/Src/stm32f1xx_hal_uart.o
 .text.HAL_UART_Init
                0x08001956       0x5e Drivers/STM32F1xx_HAL_Driver/Src/stm32f1xx_hal_uart.o
                0x08001956                HAL_UART_Init
 .text.HAL_UART_Transmit
                0x080019b4       0xda Drivers/STM32F1xx_HAL_Driver/Src/stm32f1xx_hal_uart.o
                0x080019b4                HAL_UART_Transmit
 *fill*         0x08001a8e        0x2 
 .text.disk_status
                0x08001a90       0x18 Middlewares/Third_Party/FatFs/src/diskio.o
                0x08001a90                disk_status
 .text.disk_initialize
                0x08001aa8       0x28 Middlewares/Third_Party/FatFs/src/diskio.o
                0x08001aa8                disk_initialize
 .text.disk_read
                0x08001ad0       0x18 Middlewares/Third_Party/FatFs/src/diskio.o
                0x08001ad0                disk_read
 .text.disk_write
                0x08001ae8       0x18 Middlewares/Third_Party/FatFs/src/diskio.o
                0x08001ae8                disk_write
 .text.disk_ioctl
                0x08001b00       0x18 Middlewares/Third_Party/FatFs/src/diskio.o
                0x08001b00                disk_ioctl
 .text.mem_cpy  0x08001b18       0x14 Middlewares/Third_Party/FatFs/src/ff.o
 .text.mem_set  0x08001b2c       0x10 Middlewares/Third_Party/FatFs/src/ff.o
 .text.mem_cmp  0x08001b3c       0x22 Middlewares/Third_Party/FatFs/src/ff.o
 .text.chk_chr  0x08001b5e       0x10 Middlewares/Third_Party/FatFs/src/ff.o
 *fill*         0x08001b6e        0x2 
 .text.chk_lock
                0x08001b70       0x8c Middlewares/Third_Party/FatFs/src/ff.o
 .text.enq_lock
                0x08001bfc       0x24 Middlewares/Third_Party/FatFs/src/ff.o
 .text.inc_lock
                0x08001c20       0xd0 Middlewares/Third_Party/FatFs/src/ff.o
 .text.dec_lock
                0x08001cf0       0x44 Middlewares/Third_Party/FatFs/src/ff.o
 .text.clear_lock
                0x08001d34       0x34 Middlewares/Third_Party/FatFs/src/ff.o
 .text.clmt_clust
                0x08001d68       0x2e Middlewares/Third_Party/FatFs/src/ff.o
 .text.ld_clust
                0x08001d96       0x22 Middlewares/Third_Party/FatFs/src/ff.o
 .text.st_clust
                0x08001db8       0x12 Middlewares/Third_Party/FatFs/src/ff.o
 *fill*         0x08001dca        0x2 
 .text.pick_lfn
                0x08001dcc       0x74 Middlewares/Third_Party/FatFs/src/ff.o
 .text.fit_lfn  0x08001e40       0x64 Middlewares/Third_Party/FatFs/src/ff.o
 .text.gen_numname
                0x08001ea4       0xa0 Middlewares/Third_Party/FatFs/src/ff.o
 .text.sum_sfn  0x08001f44       0x1c Middlewares/Third_Party/FatFs/src/ff.o
 .text.get_ldnumber
                0x08001f60       0x52 Middlewares/Third_Party/FatFs/src/ff.o
 .text.sync_window
                0x08001fb2       0x64 Middlewares/Third_Party/FatFs/src/ff.o
 .text.move_window
                0x08002016       0x38 Middlewares/Third_Party/FatFs/src/ff.o
 *fill*         0x0800204e        0x2 
 .text.check_fs
                0x08002050       0x90 Middlewares/Third_Party/FatFs/src/ff.o
 .text.validate
                0x080020e0       0x42 Middlewares/Third_Party/FatFs/src/ff.o
 *fill*         0x08002122        0x2 
 .text.find_volume
                0x08002124      0x3d8 Middlewares/Third_Party/FatFs/src/ff.o
 .text.sync_fs  0x080024fc       0xc2 Middlewares/Third_Party/FatFs/src/ff.o
 *fill*         0x080025be        0x2 
 .text.create_name
                0x080025c0      0x224 Middlewares/Third_Party/FatFs/src/ff.o
 .text.cmp_lfn  0x080027e4       0x8c Middlewares/Third_Party/FatFs/src/ff.o
 .text.clust2sect
                0x08002870       0x1e Middlewares/Third_Party/FatFs/src/ff.o
                0x08002870                clust2sect
 .text.get_fat  0x0800288e      0x116 Middlewares/Third_Party/FatFs/src/ff.o
                0x0800288e                get_fat
 .text.dir_sdi  0x080029a4       0xd2 Middlewares/Third_Party/FatFs/src/ff.o
 .text.put_fat  0x08002a76      0x15e Middlewares/Third_Party/FatFs/src/ff.o
                0x08002a76                put_fat
 .text.create_chain
                0x08002bd4       0xce Middlewares/Third_Party/FatFs/src/ff.o
 .text.dir_next
                0x08002ca2      0x162 Middlewares/Third_Party/FatFs/src/ff.o
 .text.dir_find
                0x08002e04       0xe8 Middlewares/Third_Party/FatFs/src/ff.o
 .text.follow_path
                0x08002eec       0x88 Middlewares/Third_Party/FatFs/src/ff.o
 .text.dir_alloc
                0x08002f74       0x54 Middlewares/Third_Party/FatFs/src/ff.o
 .text.dir_register
                0x08002fc8      0x154 Middlewares/Third_Party/FatFs/src/ff.o
 .text.dir_read
                0x0800311c       0xc8 Middlewares/Third_Party/FatFs/src/ff.o
 .text.dir_remove
                0x080031e4       0x72 Middlewares/Third_Party/FatFs/src/ff.o
 .text.remove_chain
                0x08003256       0x74 Middlewares/Third_Party/FatFs/src/ff.o
 *fill*         0x080032ca        0x2 
 .text.f_mount  0x080032cc       0x64 Middlewares/Third_Party/FatFs/src/ff.o
                0x080032cc                f_mount
 .text.f_open   0x08003330      0x1e0 Middlewares/Third_Party/FatFs/src/ff.o
                0x08003330                f_open
 .text.f_read   0x08003510      0x1fc Middlewares/Third_Party/FatFs/src/ff.o
                0x08003510                f_read
 .text.f_write  0x0800370c      0x250 Middlewares/Third_Party/FatFs/src/ff.o
                0x0800370c                f_write
 .text.putc_bfd
                0x0800395c       0x4e Middlewares/Third_Party/FatFs/src/ff.o
 .text.f_sync   0x080039aa       0xc6 Middlewares/Third_Party/FatFs/src/ff.o
                0x080039aa                f_sync
 .text.f_close  0x08003a70       0x32 Middlewares/Third_Party/FatFs/src/ff.o
                0x08003a70                f_close
 .text.f_lseek  0x08003aa2      0x332 Middlewares/Third_Party/FatFs/src/ff.o
                0x08003aa2                f_lseek
 .text.f_getfree
                0x08003dd4       0xfe Middlewares/Third_Party/FatFs/src/ff.o
                0x08003dd4                f_getfree
 *fill*         0x08003ed2        0x2 
 .text.f_unlink
                0x08003ed4       0xdc Middlewares/Third_Party/FatFs/src/ff.o
                0x08003ed4                f_unlink
 .text.f_mkdir  0x08003fb0      0x19c Middlewares/Third_Party/FatFs/src/ff.o
                0x08003fb0                f_mkdir
 .text.f_gets   0x0800414c       0x54 Middlewares/Third_Party/FatFs/src/ff.o
                0x0800414c                f_gets
 .text.f_puts   0x080041a0       0x50 Middlewares/Third_Party/FatFs/src/ff.o
                0x080041a0                f_puts
 .text.FATFS_LinkDriverEx
                0x080041f0       0x4c Middlewares/Third_Party/FatFs/src/ff_gen_drv.o
                0x080041f0                FATFS_LinkDriverEx
 .text.FATFS_LinkDriver
                0x0800423c        0xa Middlewares/Third_Party/FatFs/src/ff_gen_drv.o
                0x0800423c                FATFS_LinkDriver
 *fill*         0x08004246        0x2 
 .text.ff_convert
                0x08004248       0x38 Middlewares/Third_Party/FatFs/src/option/ccsbcs.o
                0x08004248                ff_convert
 .text.ff_wtoupper
                0x08004280       0x28 Middlewares/Third_Party/FatFs/src/option/ccsbcs.o
                0x08004280                ff_wtoupper
 .text.MX_FATFS_Init
                0x080042a8       0x1c Src/fatfs.o
                0x080042a8                MX_FATFS_Init
 .text.get_fattime
                0x080042c4        0x4 Src/fatfs.o
                0x080042c4                get_fattime
 .text.SD_PowerOff
                0x080042c8        0xc Src/fatfs_sd.o
 .text.SD_CheckPower
                0x080042d4        0xc Src/fatfs_sd.o
 .text.SPI_TxBuffer
                0x080042e0       0x20 Src/fatfs_sd.o
 .text.SPI_TxByte
                0x08004300       0x2c Src/fatfs_sd.o
 .text.SELECT   0x0800432c       0x18 Src/fatfs_sd.o
 .text.DESELECT
                0x08004344       0x18 Src/fatfs_sd.o
 .text.SPI_RxByte
                0x0800435c       0x38 Src/fatfs_sd.o
 .text.SD_PowerOn
                0x08004394       0x6c Src/fatfs_sd.o
 .text.SD_ReadyWait
                0x08004400       0x24 Src/fatfs_sd.o
 .text.SD_SendCmd
                0x08004424       0x6a Src/fatfs_sd.o
 .text.SPI_RxBytePtr
                0x0800448e        0xc Src/fatfs_sd.o
 *fill*         0x0800449a        0x2 
 .text.SD_RxDataBlock
                0x0800449c       0x48 Src/fatfs_sd.o
 .text.SD_TxDataBlock
                0x080044e4       0x62 Src/fatfs_sd.o
 *fill*         0x08004546        0x2 
 .text.SD_disk_initialize
                0x08004548      0x190 Src/fatfs_sd.o
                0x08004548                SD_disk_initialize
 .text.SD_disk_status
                0x080046d8       0x14 Src/fatfs_sd.o
                0x080046d8                SD_disk_status
 .text.SD_disk_read
                0x080046ec       0x98 Src/fatfs_sd.o
                0x080046ec                SD_disk_read
 .text.SD_disk_write
                0x08004784       0xc4 Src/fatfs_sd.o
                0x08004784                SD_disk_write
 .text.SD_disk_ioctl
                0x08004848      0x188 Src/fatfs_sd.o
                0x08004848                SD_disk_ioctl
 .text.MX_GPIO_Init
                0x080049d0       0x70 Src/main.o
 .text.bufsize  0x08004a40       0x14 Src/main.o
                0x08004a40                bufsize
 .text.clear_buffer
                0x08004a54       0x18 Src/main.o
                0x08004a54                clear_buffer
 .text.send_uart
                0x08004a6c       0x1c Src/main.o
                0x08004a6c                send_uart
 .text.Mount_USB
                0x08004a88       0x38 Src/main.o
                0x08004a88                Mount_USB
 .text.get_space
                0x08004ac0       0xa4 Src/main.o
                0x08004ac0                get_space
 .text.create_file1
                0x08004b64       0x88 Src/main.o
                0x08004b64                create_file1
 .text.create_file2
                0x08004bec       0xc4 Src/main.o
                0x08004bec                create_file2
 .text.update_file
                0x08004cb0       0xa0 Src/main.o
                0x08004cb0                update_file
 .text.remove_file
                0x08004d50       0x40 Src/main.o
                0x08004d50                remove_file
 .text.Create_Dir
                0x08004d90       0x48 Src/main.o
                0x08004d90                Create_Dir
 .text.Error_Handler
                0x08004dd8        0x4 Src/main.o
                0x08004dd8                Error_Handler
 .text.MX_SPI1_Init
                0x08004ddc       0x40 Src/main.o
 .text.MX_USART1_UART_Init
                0x08004e1c       0x34 Src/main.o
 .text.SystemClock_Config
                0x08004e50       0x62 Src/main.o
                0x08004e50                SystemClock_Config
 *fill*         0x08004eb2        0x2 
 .text.main     0x08004eb4       0x64 Src/main.o
                0x08004eb4                main
 .text.HAL_MspInit
                0x08004f18       0x44 Src/stm32f1xx_hal_msp.o
                0x08004f18                HAL_MspInit
 .text.HAL_SPI_MspInit
                0x08004f5c       0x74 Src/stm32f1xx_hal_msp.o
                0x08004f5c                HAL_SPI_MspInit
 .text.HAL_UART_MspInit
                0x08004fd0       0x78 Src/stm32f1xx_hal_msp.o
                0x08004fd0                HAL_UART_MspInit
 .text.SDTimer_Handler
                0x08005048       0x30 Src/stm32f1xx_it.o
                0x08005048                SDTimer_Handler
 .text.NMI_Handler
                0x08005078        0x2 Src/stm32f1xx_it.o
                0x08005078                NMI_Handler
 .text.HardFault_Handler
                0x0800507a        0x2 Src/stm32f1xx_it.o
                0x0800507a                HardFault_Handler
 .text.MemManage_Handler
                0x0800507c        0x2 Src/stm32f1xx_it.o
                0x0800507c                MemManage_Handler
 .text.BusFault_Handler
                0x0800507e        0x2 Src/stm32f1xx_it.o
                0x0800507e                BusFault_Handler
 .text.UsageFault_Handler
                0x08005080        0x2 Src/stm32f1xx_it.o
                0x08005080                UsageFault_Handler
 .text.SVC_Handler
                0x08005082        0x2 Src/stm32f1xx_it.o
                0x08005082                SVC_Handler
 .text.DebugMon_Handler
                0x08005084        0x2 Src/stm32f1xx_it.o
                0x08005084                DebugMon_Handler
 .text.PendSV_Handler
                0x08005086        0x2 Src/stm32f1xx_it.o
                0x08005086                PendSV_Handler
 .text.SysTick_Handler
                0x08005088       0x2c Src/stm32f1xx_it.o
                0x08005088                SysTick_Handler
 .text._sbrk    0x080050b4       0x3c Src/syscalls.o
                0x080050b4                _sbrk
 .text.SystemInit
                0x080050f0        0x2 Src/system_stm32f1xx.o
                0x080050f0                SystemInit
 .text.USER_initialize
                0x080050f2        0xa Src/user_diskio.o
                0x080050f2                USER_initialize
 .text.USER_status
                0x080050fc        0xa Src/user_diskio.o
                0x080050fc                USER_status
 .text.USER_read
                0x08005106        0xa Src/user_diskio.o
                0x08005106                USER_read
 .text.USER_write
                0x08005110        0xa Src/user_diskio.o
                0x08005110                USER_write
 .text.USER_ioctl
                0x0800511a        0xa Src/user_diskio.o
                0x0800511a                USER_ioctl
 .text.Reset_Handler
                0x08005124       0x48 startup/startup_stm32f103x6.o
                0x08005124                Reset_Handler
 .text.Default_Handler
                0x0800516c        0x2 startup/startup_stm32f103x6.o
                0x0800516c                RTC_Alarm_IRQHandler
                0x0800516c                EXTI2_IRQHandler
                0x0800516c                TIM1_CC_IRQHandler
                0x0800516c                PVD_IRQHandler
                0x0800516c                EXTI3_IRQHandler
                0x0800516c                EXTI0_IRQHandler
                0x0800516c                ADC1_2_IRQHandler
                0x0800516c                SPI1_IRQHandler
                0x0800516c                TAMPER_IRQHandler
                0x0800516c                DMA1_Channel4_IRQHandler
                0x0800516c                RTC_IRQHandler
                0x0800516c                DMA1_Channel7_IRQHandler
                0x0800516c                CAN1_RX1_IRQHandler
                0x0800516c                I2C1_EV_IRQHandler
                0x0800516c                DMA1_Channel6_IRQHandler
                0x0800516c                TIM3_IRQHandler
                0x0800516c                RCC_IRQHandler
                0x0800516c                TIM1_TRG_COM_IRQHandler
                0x0800516c                DMA1_Channel1_IRQHandler
                0x0800516c                Default_Handler
                0x0800516c                EXTI15_10_IRQHandler
                0x0800516c                EXTI9_5_IRQHandler
                0x0800516c                DMA1_Channel5_IRQHandler
                0x0800516c                EXTI4_IRQHandler
                0x0800516c                USB_LP_CAN1_RX0_IRQHandler
                0x0800516c                USB_HP_CAN1_TX_IRQHandler
                0x0800516c                DMA1_Channel3_IRQHandler
                0x0800516c                TIM1_UP_IRQHandler
                0x0800516c                WWDG_IRQHandler
                0x0800516c                TIM2_IRQHandler
                0x0800516c                TIM1_BRK_IRQHandler
                0x0800516c                EXTI1_IRQHandler
                0x0800516c                USART2_IRQHandler
                0x0800516c                DMA1_Channel2_IRQHandler
                0x0800516c                CAN1_SCE_IRQHandler
                0x0800516c                FLASH_IRQHandler
                0x0800516c                USART1_IRQHandler
                0x0800516c                I2C1_ER_IRQHandler
                0x0800516c                USBWakeUp_IRQHandler
 *fill*         0x0800516e        0x2 
 .text.__errno  0x08005170        0xc c:/ac6/systemworkbench/plugins/fr.ac6.mcu.externaltools.arm-none.win32_1.17.0.201812190825/tools/compiler/bin/../lib/gcc/arm-none-eabi/7.3.1/../../../../arm-none-eabi/lib/thumb/v7-m\libc_nano.a(lib_a-errno.o)
                0x08005170                __errno
 .text.__libc_init_array
                0x0800517c       0x48 c:/ac6/systemworkbench/plugins/fr.ac6.mcu.externaltools.arm-none.win32_1.17.0.201812190825/tools/compiler/bin/../lib/gcc/arm-none-eabi/7.3.1/../../../../arm-none-eabi/lib/thumb/v7-m\libc_nano.a(lib_a-init.o)
                0x0800517c                __libc_init_array
 .text.sprintf  0x080051c4       0x40 c:/ac6/systemworkbench/plugins/fr.ac6.mcu.externaltools.arm-none.win32_1.17.0.201812190825/tools/compiler/bin/../lib/gcc/arm-none-eabi/7.3.1/../../../../arm-none-eabi/lib/thumb/v7-m\libc_nano.a(lib_a-sprintf.o)
                0x080051c4                siprintf
                0x080051c4                sprintf
 .text.__ssputs_r
                0x08005204       0xb4 c:/ac6/systemworkbench/plugins/fr.ac6.mcu.externaltools.arm-none.win32_1.17.0.201812190825/tools/compiler/bin/../lib/gcc/arm-none-eabi/7.3.1/../../../../arm-none-eabi/lib/thumb/v7-m\libc_nano.a(lib_a-nano-svfprintf.o)
                0x08005204                __ssputs_r
 .text._svfprintf_r
                0x080052b8      0x1f0 c:/ac6/systemworkbench/plugins/fr.ac6.mcu.externaltools.arm-none.win32_1.17.0.201812190825/tools/compiler/bin/../lib/gcc/arm-none-eabi/7.3.1/../../../../arm-none-eabi/lib/thumb/v7-m\libc_nano.a(lib_a-nano-svfprintf.o)
                0x080052b8                _svfiprintf_r
                0x080052b8                _svfprintf_r
 .text._printf_common
                0x080054a8       0xec c:/ac6/systemworkbench/plugins/fr.ac6.mcu.externaltools.arm-none.win32_1.17.0.201812190825/tools/compiler/bin/../lib/gcc/arm-none-eabi/7.3.1/../../../../arm-none-eabi/lib/thumb/v7-m\libc_nano.a(lib_a-nano-vfprintf_i.o)
                0x080054a8                _printf_common
 .text._printf_i
                0x08005594      0x224 c:/ac6/systemworkbench/plugins/fr.ac6.mcu.externaltools.arm-none.win32_1.17.0.201812190825/tools/compiler/bin/../lib/gcc/arm-none-eabi/7.3.1/../../../../arm-none-eabi/lib/thumb/v7-m\libc_nano.a(lib_a-nano-vfprintf_i.o)
                0x08005594                _printf_i
 .text.memchr   0x080057b8       0x1c c:/ac6/systemworkbench/plugins/fr.ac6.mcu.externaltools.arm-none.win32_1.17.0.201812190825/tools/compiler/bin/../lib/gcc/arm-none-eabi/7.3.1/../../../../arm-none-eabi/lib/thumb/v7-m\libc_nano.a(lib_a-memchr-stub.o)
                0x080057b8                memchr
 .text.memcpy   0x080057d4       0x16 c:/ac6/systemworkbench/plugins/fr.ac6.mcu.externaltools.arm-none.win32_1.17.0.201812190825/tools/compiler/bin/../lib/gcc/arm-none-eabi/7.3.1/../../../../arm-none-eabi/lib/thumb/v7-m\libc_nano.a(lib_a-memcpy-stub.o)
                0x080057d4                memcpy
 .text.memmove  0x080057ea       0x32 c:/ac6/systemworkbench/plugins/fr.ac6.mcu.externaltools.arm-none.win32_1.17.0.201812190825/tools/compiler/bin/../lib/gcc/arm-none-eabi/7.3.1/../../../../arm-none-eabi/lib/thumb/v7-m\libc_nano.a(lib_a-memmove.o)
                0x080057ea                memmove
 .text._free_r  0x0800581c       0x98 c:/ac6/systemworkbench/plugins/fr.ac6.mcu.externaltools.arm-none.win32_1.17.0.201812190825/tools/compiler/bin/../lib/gcc/arm-none-eabi/7.3.1/../../../../arm-none-eabi/lib/thumb/v7-m\libc_nano.a(lib_a-nano-freer.o)
                0x0800581c                _free_r
 .text._malloc_r
                0x080058b4       0xb4 c:/ac6/systemworkbench/plugins/fr.ac6.mcu.externaltools.arm-none.win32_1.17.0.201812190825/tools/compiler/bin/../lib/gcc/arm-none-eabi/7.3.1/../../../../arm-none-eabi/lib/thumb/v7-m\libc_nano.a(lib_a-nano-mallocr.o)
                0x080058b4                _malloc_r
 .text._realloc_r
                0x08005968       0x4c c:/ac6/systemworkbench/plugins/fr.ac6.mcu.externaltools.arm-none.win32_1.17.0.201812190825/tools/compiler/bin/../lib/gcc/arm-none-eabi/7.3.1/../../../../arm-none-eabi/lib/thumb/v7-m\libc_nano.a(lib_a-nano-reallocr.o)
                0x08005968                _realloc_r
 .text._sbrk_r  0x080059b4       0x20 c:/ac6/systemworkbench/plugins/fr.ac6.mcu.externaltools.arm-none.win32_1.17.0.201812190825/tools/compiler/bin/../lib/gcc/arm-none-eabi/7.3.1/../../../../arm-none-eabi/lib/thumb/v7-m\libc_nano.a(lib_a-sbrkr.o)
                0x080059b4                _sbrk_r
 .text.__malloc_lock
                0x080059d4        0x2 c:/ac6/systemworkbench/plugins/fr.ac6.mcu.externaltools.arm-none.win32_1.17.0.201812190825/tools/compiler/bin/../lib/gcc/arm-none-eabi/7.3.1/../../../../arm-none-eabi/lib/thumb/v7-m\libc_nano.a(lib_a-mlock.o)
                0x080059d4                __malloc_lock
 .text.__malloc_unlock
                0x080059d6        0x2 c:/ac6/systemworkbench/plugins/fr.ac6.mcu.externaltools.arm-none.win32_1.17.0.201812190825/tools/compiler/bin/../lib/gcc/arm-none-eabi/7.3.1/../../../../arm-none-eabi/lib/thumb/v7-m\libc_nano.a(lib_a-mlock.o)
                0x080059d6                __malloc_unlock
 .text._malloc_usable_size_r
                0x080059d8       0x10 c:/ac6/systemworkbench/plugins/fr.ac6.mcu.externaltools.arm-none.win32_1.17.0.201812190825/tools/compiler/bin/../lib/gcc/arm-none-eabi/7.3.1/../../../../arm-none-eabi/lib/thumb/v7-m\libc_nano.a(lib_a-nano-msizer.o)
                0x080059d8                _malloc_usable_size_r
 *(.glue_7)
 .glue_7        0x080059e8        0x0 linker stubs
 *(.glue_7t)
 .glue_7t       0x080059e8        0x0 linker stubs
 *(.eh_frame)
 .eh_frame      0x080059e8        0x0 c:/ac6/systemworkbench/plugins/fr.ac6.mcu.externaltools.arm-none.win32_1.17.0.201812190825/tools/compiler/bin/../lib/gcc/arm-none-eabi/7.3.1/thumb/v7-m/crtbegin.o
 *(.init)
 .init          0x080059e8        0x4 c:/ac6/systemworkbench/plugins/fr.ac6.mcu.externaltools.arm-none.win32_1.17.0.201812190825/tools/compiler/bin/../lib/gcc/arm-none-eabi/7.3.1/thumb/v7-m/crti.o
                0x080059e8                _init
 .init          0x080059ec        0x8 c:/ac6/systemworkbench/plugins/fr.ac6.mcu.externaltools.arm-none.win32_1.17.0.201812190825/tools/compiler/bin/../lib/gcc/arm-none-eabi/7.3.1/thumb/v7-m/crtn.o
 *(.fini)
 .fini          0x080059f4        0x4 c:/ac6/systemworkbench/plugins/fr.ac6.mcu.externaltools.arm-none.win32_1.17.0.201812190825/tools/compiler/bin/../lib/gcc/arm-none-eabi/7.3.1/thumb/v7-m/crti.o
                0x080059f4                _fini
 .fini          0x080059f8        0x8 c:/ac6/systemworkbench/plugins/fr.ac6.mcu.externaltools.arm-none.win32_1.17.0.201812190825/tools/compiler/bin/../lib/gcc/arm-none-eabi/7.3.1/thumb/v7-m/crtn.o
                0x08005a00                . = ALIGN (0x4)
                0x08005a00                _etext = .

.vfp11_veneer   0x08005a00        0x0
 .vfp11_veneer  0x08005a00        0x0 linker stubs

.v4_bx          0x08005a00        0x0
 .v4_bx         0x08005a00        0x0 linker stubs

.iplt           0x08005a00        0x0
 .iplt          0x08005a00        0x0 c:/ac6/systemworkbench/plugins/fr.ac6.mcu.externaltools.arm-none.win32_1.17.0.201812190825/tools/compiler/bin/../lib/gcc/arm-none-eabi/7.3.1/thumb/v7-m/crtbegin.o

.rodata         0x08005a00      0x924
                0x08005a00                . = ALIGN (0x4)
 *(.rodata)
 .rodata        0x08005a00       0x12 Drivers/STM32F1xx_HAL_Driver/Src/stm32f1xx_hal_rcc.o
 *fill*         0x08005a12        0x2 
 .rodata        0x08005a14       0xbe Middlewares/Third_Party/FatFs/src/ff.o
 *fill*         0x08005ad2        0x2 
 .rodata        0x08005ad4      0x4c0 Middlewares/Third_Party/FatFs/src/option/ccsbcs.o
 .rodata        0x08005f94       0x18 Src/system_stm32f1xx.o
                0x08005f94                AHBPrescTable
                0x08005fa4                APBPrescTable
 *(.rodata*)
 .rodata.str1.4
                0x08005fac       0x48 Middlewares/Third_Party/FatFs/src/ff.o
 .rodata.str1.4
                0x08005ff4      0x2fc Src/main.o
                                0x301 (size before relaxing)
 .rodata._svfprintf_r.str1.1
                0x080062f0       0x11 c:/ac6/systemworkbench/plugins/fr.ac6.mcu.externaltools.arm-none.win32_1.17.0.201812190825/tools/compiler/bin/../lib/gcc/arm-none-eabi/7.3.1/../../../../arm-none-eabi/lib/thumb/v7-m\libc_nano.a(lib_a-nano-svfprintf.o)
 .rodata._printf_i.str1.1
                0x08006301       0x22 c:/ac6/systemworkbench/plugins/fr.ac6.mcu.externaltools.arm-none.win32_1.17.0.201812190825/tools/compiler/bin/../lib/gcc/arm-none-eabi/7.3.1/../../../../arm-none-eabi/lib/thumb/v7-m\libc_nano.a(lib_a-nano-vfprintf_i.o)
                0x08006324                . = ALIGN (0x4)
 *fill*         0x08006323        0x1 

.rel.dyn        0x08006324        0x0
 .rel.iplt      0x08006324        0x0 c:/ac6/systemworkbench/plugins/fr.ac6.mcu.externaltools.arm-none.win32_1.17.0.201812190825/tools/compiler/bin/../lib/gcc/arm-none-eabi/7.3.1/thumb/v7-m/crtbegin.o

.ARM.extab
 *(.ARM.extab* .gnu.linkonce.armextab.*)

.ARM            0x08006324        0x0
                0x08006324                __exidx_start = .
 *(.ARM.exidx*)
                0x08006324                __exidx_end = .

.preinit_array  0x08006324        0x0
                0x08006324                PROVIDE (__preinit_array_start = .)
 *(.preinit_array*)
                0x08006324                PROVIDE (__preinit_array_end = .)

.init_array     0x08006324        0x4
                0x08006324                PROVIDE (__init_array_start = .)
 *(SORT_BY_NAME(.init_array.*))
 *(.init_array*)
 .init_array    0x08006324        0x4 c:/ac6/systemworkbench/plugins/fr.ac6.mcu.externaltools.arm-none.win32_1.17.0.201812190825/tools/compiler/bin/../lib/gcc/arm-none-eabi/7.3.1/thumb/v7-m/crtbegin.o
                0x08006328                PROVIDE (__init_array_end = .)

.fini_array     0x08006328        0x4
                [!provide]                PROVIDE (__fini_array_start = .)
 *(SORT_BY_NAME(.fini_array.*))
 *(.fini_array*)
 .fini_array    0x08006328        0x4 c:/ac6/systemworkbench/plugins/fr.ac6.mcu.externaltools.arm-none.win32_1.17.0.201812190825/tools/compiler/bin/../lib/gcc/arm-none-eabi/7.3.1/thumb/v7-m/crtbegin.o
                [!provide]                PROVIDE (__fini_array_end = .)
                0x0800632c                _sidata = LOADADDR (.data)

.data           0x20000000       0x8c load address 0x0800632c
                0x20000000                . = ALIGN (0x4)
                0x20000000                _sdata = .
 *(.data)
 .data          0x20000000        0x8 Drivers/STM32F1xx_HAL_Driver/Src/stm32f1xx_hal.o
                0x20000000                uwTickFreq
                0x20000004                uwTickPrio
 .data          0x20000008        0x1 Src/fatfs_sd.o
 *fill*         0x20000009        0x3 
 .data          0x2000000c        0x4 Src/system_stm32f1xx.o
                0x2000000c                SystemCoreClock
 .data          0x20000010       0x15 Src/user_diskio.o
                0x20000010                USER_Driver
 *(.data*)
 *fill*         0x20000025        0x3 
 .data._impure_ptr
                0x20000028        0x4 c:/ac6/systemworkbench/plugins/fr.ac6.mcu.externaltools.arm-none.win32_1.17.0.201812190825/tools/compiler/bin/../lib/gcc/arm-none-eabi/7.3.1/../../../../arm-none-eabi/lib/thumb/v7-m\libc_nano.a(lib_a-impure.o)
                0x20000028                _impure_ptr
 .data.impure_data
                0x2000002c       0x60 c:/ac6/systemworkbench/plugins/fr.ac6.mcu.externaltools.arm-none.win32_1.17.0.201812190825/tools/compiler/bin/../lib/gcc/arm-none-eabi/7.3.1/../../../../arm-none-eabi/lib/thumb/v7-m\libc_nano.a(lib_a-impure.o)
                0x2000008c                . = ALIGN (0x4)
                0x2000008c                _edata = .

.igot.plt       0x2000008c        0x0 load address 0x080063b8
 .igot.plt      0x2000008c        0x0 c:/ac6/systemworkbench/plugins/fr.ac6.mcu.externaltools.arm-none.win32_1.17.0.201812190825/tools/compiler/bin/../lib/gcc/arm-none-eabi/7.3.1/thumb/v7-m/crtbegin.o
                0x2000008c                . = ALIGN (0x4)

.bss            0x2000008c     0x158c load address 0x080063b8
                0x2000008c                _sbss = .
                0x2000008c                __bss_start__ = _sbss
 *(.bss)
 .bss           0x2000008c       0x1c c:/ac6/systemworkbench/plugins/fr.ac6.mcu.externaltools.arm-none.win32_1.17.0.201812190825/tools/compiler/bin/../lib/gcc/arm-none-eabi/7.3.1/thumb/v7-m/crtbegin.o
 .bss           0x200000a8      0x220 Middlewares/Third_Party/FatFs/src/ff.o
 .bss           0x200002c8        0xc Middlewares/Third_Party/FatFs/src/ff_gen_drv.o
                0x200002c8                disk
 .bss           0x200002d4        0x2 Src/fatfs_sd.o
 *fill*         0x200002d6        0x2 
 .bss           0x200002d8      0x104 Src/main.o
                0x200002d8                i
 .bss           0x200003dc        0x1 Src/stm32f1xx_it.o
                0x200003dc                FatFsCnt
 *fill*         0x200003dd        0x3 
 .bss           0x200003e0        0x8 Src/syscalls.o
                0x200003e4                __env
 *(.bss*)
 .bss.__malloc_free_list
                0x200003e8        0x4 c:/ac6/systemworkbench/plugins/fr.ac6.mcu.externaltools.arm-none.win32_1.17.0.201812190825/tools/compiler/bin/../lib/gcc/arm-none-eabi/7.3.1/../../../../arm-none-eabi/lib/thumb/v7-m\libc_nano.a(lib_a-nano-mallocr.o)
                0x200003e8                __malloc_free_list
 .bss.__malloc_sbrk_start
                0x200003ec        0x4 c:/ac6/systemworkbench/plugins/fr.ac6.mcu.externaltools.arm-none.win32_1.17.0.201812190825/tools/compiler/bin/../lib/gcc/arm-none-eabi/7.3.1/../../../../arm-none-eabi/lib/thumb/v7-m\libc_nano.a(lib_a-nano-mallocr.o)
                0x200003ec                __malloc_sbrk_start
 *(COMMON)
 COMMON         0x200003f0        0x4 Drivers/STM32F1xx_HAL_Driver/Src/stm32f1xx_hal.o
                0x200003f0                uwTick
 COMMON         0x200003f4      0x864 Src/fatfs.o
                0x200003f4                USERPath
                0x200003f8                retUSER
                0x200003fc                USERFile
                0x20000828                USERFatFS
 COMMON         0x20000c58      0x9b8 Src/main.o
                0x20000c58                fre_clust
                0x20000c5c                USBHPath
                0x20000c60                fno
                0x20000c80                fs
                0x200010b0                br
                0x200010b4                free_space
                0x200010b8                huart1
                0x200010fc                buffer
                0x2000117c                bw
                0x20001180                pfs
                0x20001184                fresult
                0x20001188                hspi1
                0x200011e0                total
                0x200011e4                fil
 COMMON         0x20001610        0x4 Src/stm32f1xx_it.o
                0x20001610                Timer2
                0x20001612                Timer1
 COMMON         0x20001614        0x4 c:/ac6/systemworkbench/plugins/fr.ac6.mcu.externaltools.arm-none.win32_1.17.0.201812190825/tools/compiler/bin/../lib/gcc/arm-none-eabi/7.3.1/../../../../arm-none-eabi/lib/thumb/v7-m\libc_nano.a(lib_a-reent.o)
                0x20001614                errno
                0x20001618                . = ALIGN (0x4)
                0x20001618                _ebss = .
                0x20001618                __bss_end__ = _ebss

._user_heap_stack
                0x20001618      0x600 load address 0x080063b8
                0x20001618                . = ALIGN (0x8)
                0x20001618                PROVIDE (end = .)
                [!provide]                PROVIDE (_end = .)
                0x20001818                . = (. + _Min_Heap_Size)
 *fill*         0x20001618      0x200 
                0x20001c18                . = (. + _Min_Stack_Size)
 *fill*         0x20001818      0x400 
                0x20001c18                . = ALIGN (0x8)

/DISCARD/
 libc.a(*)
 libm.a(*)
 libgcc.a(*)

.ARM.attributes
                0x00000000       0x29
 *(.ARM.attributes)
 .ARM.attributes
                0x00000000       0x1d c:/ac6/systemworkbench/plugins/fr.ac6.mcu.externaltools.arm-none.win32_1.17.0.201812190825/tools/compiler/bin/../lib/gcc/arm-none-eabi/7.3.1/thumb/v7-m/crti.o
 .ARM.attributes
                0x0000001d       0x2d c:/ac6/systemworkbench/plugins/fr.ac6.mcu.externaltools.arm-none.win32_1.17.0.201812190825/tools/compiler/bin/../lib/gcc/arm-none-eabi/7.3.1/thumb/v7-m/crtbegin.o
 .ARM.attributes
                0x0000004a       0x33 Drivers/STM32F1xx_HAL_Driver/Src/stm32f1xx_hal.o
 .ARM.attributes
                0x0000007d       0x33 Drivers/STM32F1xx_HAL_Driver/Src/stm32f1xx_hal_cortex.o
 .ARM.attributes
                0x000000b0       0x33 Drivers/STM32F1xx_HAL_Driver/Src/stm32f1xx_hal_gpio.o
 .ARM.attributes
                0x000000e3       0x33 Drivers/STM32F1xx_HAL_Driver/Src/stm32f1xx_hal_rcc.o
 .ARM.attributes
                0x00000116       0x33 Drivers/STM32F1xx_HAL_Driver/Src/stm32f1xx_hal_spi.o
 .ARM.attributes
                0x00000149       0x33 Drivers/STM32F1xx_HAL_Driver/Src/stm32f1xx_hal_uart.o
 .ARM.attributes
                0x0000017c       0x33 Middlewares/Third_Party/FatFs/src/diskio.o
 .ARM.attributes
                0x000001af       0x33 Middlewares/Third_Party/FatFs/src/ff.o
 .ARM.attributes
                0x000001e2       0x33 Middlewares/Third_Party/FatFs/src/ff_gen_drv.o
 .ARM.attributes
                0x00000215       0x33 Middlewares/Third_Party/FatFs/src/option/ccsbcs.o
 .ARM.attributes
                0x00000248       0x33 Src/fatfs.o
 .ARM.attributes
                0x0000027b       0x33 Src/fatfs_sd.o
 .ARM.attributes
                0x000002ae       0x33 Src/main.o
 .ARM.attributes
                0x000002e1       0x33 Src/stm32f1xx_hal_msp.o
 .ARM.attributes
                0x00000314       0x33 Src/stm32f1xx_it.o
 .ARM.attributes
                0x00000347       0x33 Src/syscalls.o
 .ARM.attributes
                0x0000037a       0x33 Src/system_stm32f1xx.o
 .ARM.attributes
                0x000003ad       0x33 Src/user_diskio.o
 .ARM.attributes
                0x000003e0       0x21 startup/startup_stm32f103x6.o
 .ARM.attributes
                0x00000401       0x1d c:/ac6/systemworkbench/plugins/fr.ac6.mcu.externaltools.arm-none.win32_1.17.0.201812190825/tools/compiler/bin/../lib/gcc/arm-none-eabi/7.3.1/thumb/v7-m\libgcc.a(_arm_addsubdf3.o)
 .ARM.attributes
                0x0000041e       0x1d c:/ac6/systemworkbench/plugins/fr.ac6.mcu.externaltools.arm-none.win32_1.17.0.201812190825/tools/compiler/bin/../lib/gcc/arm-none-eabi/7.3.1/thumb/v7-m\libgcc.a(_arm_muldivdf3.o)
 .ARM.attributes
                0x0000043b       0x1d c:/ac6/systemworkbench/plugins/fr.ac6.mcu.externaltools.arm-none.win32_1.17.0.201812190825/tools/compiler/bin/../lib/gcc/arm-none-eabi/7.3.1/thumb/v7-m\libgcc.a(_arm_fixunsdfsi.o)
 .ARM.attributes
                0x00000458       0x2d c:/ac6/systemworkbench/plugins/fr.ac6.mcu.externaltools.arm-none.win32_1.17.0.201812190825/tools/compiler/bin/../lib/gcc/arm-none-eabi/7.3.1/../../../../arm-none-eabi/lib/thumb/v7-m\libc_nano.a(lib_a-errno.o)
 .ARM.attributes
                0x00000485       0x2d c:/ac6/systemworkbench/plugins/fr.ac6.mcu.externaltools.arm-none.win32_1.17.0.201812190825/tools/compiler/bin/../lib/gcc/arm-none-eabi/7.3.1/../../../../arm-none-eabi/lib/thumb/v7-m\libc_nano.a(lib_a-impure.o)
 .ARM.attributes
                0x000004b2       0x2d c:/ac6/systemworkbench/plugins/fr.ac6.mcu.externaltools.arm-none.win32_1.17.0.201812190825/tools/compiler/bin/../lib/gcc/arm-none-eabi/7.3.1/../../../../arm-none-eabi/lib/thumb/v7-m\libc_nano.a(lib_a-init.o)
 .ARM.attributes
                0x000004df       0x2d c:/ac6/systemworkbench/plugins/fr.ac6.mcu.externaltools.arm-none.win32_1.17.0.201812190825/tools/compiler/bin/../lib/gcc/arm-none-eabi/7.3.1/../../../../arm-none-eabi/lib/thumb/v7-m\libc_nano.a(lib_a-sprintf.o)
 .ARM.attributes
                0x0000050c       0x17 c:/ac6/systemworkbench/plugins/fr.ac6.mcu.externaltools.arm-none.win32_1.17.0.201812190825/tools/compiler/bin/../lib/gcc/arm-none-eabi/7.3.1/../../../../arm-none-eabi/lib/thumb/v7-m\libc_nano.a(lib_a-strlen.o)
 .ARM.attributes
                0x00000523       0x2d c:/ac6/systemworkbench/plugins/fr.ac6.mcu.externaltools.arm-none.win32_1.17.0.201812190825/tools/compiler/bin/../lib/gcc/arm-none-eabi/7.3.1/../../../../arm-none-eabi/lib/thumb/v7-m\libc_nano.a(lib_a-nano-svfprintf.o)
 .ARM.attributes
                0x00000550       0x2d c:/ac6/systemworkbench/plugins/fr.ac6.mcu.externaltools.arm-none.win32_1.17.0.201812190825/tools/compiler/bin/../lib/gcc/arm-none-eabi/7.3.1/../../../../arm-none-eabi/lib/thumb/v7-m\libc_nano.a(lib_a-nano-vfprintf_i.o)
 .ARM.attributes
                0x0000057d       0x2d c:/ac6/systemworkbench/plugins/fr.ac6.mcu.externaltools.arm-none.win32_1.17.0.201812190825/tools/compiler/bin/../lib/gcc/arm-none-eabi/7.3.1/../../../../arm-none-eabi/lib/thumb/v7-m\libc_nano.a(lib_a-memchr-stub.o)
 .ARM.attributes
                0x000005aa       0x2d c:/ac6/systemworkbench/plugins/fr.ac6.mcu.externaltools.arm-none.win32_1.17.0.201812190825/tools/compiler/bin/../lib/gcc/arm-none-eabi/7.3.1/../../../../arm-none-eabi/lib/thumb/v7-m\libc_nano.a(lib_a-memcpy-stub.o)
 .ARM.attributes
                0x000005d7       0x2d c:/ac6/systemworkbench/plugins/fr.ac6.mcu.externaltools.arm-none.win32_1.17.0.201812190825/tools/compiler/bin/../lib/gcc/arm-none-eabi/7.3.1/../../../../arm-none-eabi/lib/thumb/v7-m\libc_nano.a(lib_a-memmove.o)
 .ARM.attributes
                0x00000604       0x2d c:/ac6/systemworkbench/plugins/fr.ac6.mcu.externaltools.arm-none.win32_1.17.0.201812190825/tools/compiler/bin/../lib/gcc/arm-none-eabi/7.3.1/../../../../arm-none-eabi/lib/thumb/v7-m\libc_nano.a(lib_a-nano-freer.o)
 .ARM.attributes
                0x00000631       0x2d c:/ac6/systemworkbench/plugins/fr.ac6.mcu.externaltools.arm-none.win32_1.17.0.201812190825/tools/compiler/bin/../lib/gcc/arm-none-eabi/7.3.1/../../../../arm-none-eabi/lib/thumb/v7-m\libc_nano.a(lib_a-nano-mallocr.o)
 .ARM.attributes
                0x0000065e       0x2d c:/ac6/systemworkbench/plugins/fr.ac6.mcu.externaltools.arm-none.win32_1.17.0.201812190825/tools/compiler/bin/../lib/gcc/arm-none-eabi/7.3.1/../../../../arm-none-eabi/lib/thumb/v7-m\libc_nano.a(lib_a-nano-reallocr.o)
 .ARM.attributes
                0x0000068b       0x2d c:/ac6/systemworkbench/plugins/fr.ac6.mcu.externaltools.arm-none.win32_1.17.0.201812190825/tools/compiler/bin/../lib/gcc/arm-none-eabi/7.3.1/../../../../arm-none-eabi/lib/thumb/v7-m\libc_nano.a(lib_a-sbrkr.o)
 .ARM.attributes
                0x000006b8       0x2d c:/ac6/systemworkbench/plugins/fr.ac6.mcu.externaltools.arm-none.win32_1.17.0.201812190825/tools/compiler/bin/../lib/gcc/arm-none-eabi/7.3.1/../../../../arm-none-eabi/lib/thumb/v7-m\libc_nano.a(lib_a-mlock.o)
 .ARM.attributes
                0x000006e5       0x2d c:/ac6/systemworkbench/plugins/fr.ac6.mcu.externaltools.arm-none.win32_1.17.0.201812190825/tools/compiler/bin/../lib/gcc/arm-none-eabi/7.3.1/../../../../arm-none-eabi/lib/thumb/v7-m\libc_nano.a(lib_a-nano-msizer.o)
 .ARM.attributes
                0x00000712       0x2d c:/ac6/systemworkbench/plugins/fr.ac6.mcu.externaltools.arm-none.win32_1.17.0.201812190825/tools/compiler/bin/../lib/gcc/arm-none-eabi/7.3.1/../../../../arm-none-eabi/lib/thumb/v7-m\libc_nano.a(lib_a-reent.o)
 .ARM.attributes
                0x0000073f       0x1d c:/ac6/systemworkbench/plugins/fr.ac6.mcu.externaltools.arm-none.win32_1.17.0.201812190825/tools/compiler/bin/../lib/gcc/arm-none-eabi/7.3.1/thumb/v7-m/crtn.o
OUTPUT(STM32_SD_CARD-SPI.elf elf32-littlearm)

.debug_info     0x00000000    0x10c74
 .debug_info    0x00000000      0x7a2 Drivers/STM32F1xx_HAL_Driver/Src/stm32f1xx_hal.o
 .debug_info    0x000007a2      0xc97 Drivers/STM32F1xx_HAL_Driver/Src/stm32f1xx_hal_cortex.o
 .debug_info    0x00001439      0x6ab Drivers/STM32F1xx_HAL_Driver/Src/stm32f1xx_hal_gpio.o
 .debug_info    0x00001ae4      0x9ef Drivers/STM32F1xx_HAL_Driver/Src/stm32f1xx_hal_rcc.o
 .debug_info    0x000024d3     0x1b2b Drivers/STM32F1xx_HAL_Driver/Src/stm32f1xx_hal_spi.o
 .debug_info    0x00003ffe     0x1a3f Drivers/STM32F1xx_HAL_Driver/Src/stm32f1xx_hal_uart.o
 .debug_info    0x00005a3d      0x519 Middlewares/Third_Party/FatFs/src/diskio.o
 .debug_info    0x00005f56     0x3bbe Middlewares/Third_Party/FatFs/src/ff.o
 .debug_info    0x00009b14      0x49e Middlewares/Third_Party/FatFs/src/ff_gen_drv.o
 .debug_info    0x00009fb2      0x26e Middlewares/Third_Party/FatFs/src/option/ccsbcs.o
 .debug_info    0x0000a220      0x5c6 Src/fatfs.o
 .debug_info    0x0000a7e6     0x11ed Src/fatfs_sd.o
 .debug_info    0x0000b9d3     0x2471 Src/main.o
 .debug_info    0x0000de44      0xbe1 Src/stm32f1xx_hal_msp.o
 .debug_info    0x0000ea25      0x291 Src/stm32f1xx_it.o
 .debug_info    0x0000ecb6      0xfd3 Src/syscalls.o
 .debug_info    0x0000fc89      0x29d Src/system_stm32f1xx.o
 .debug_info    0x0000ff26      0xd2c Src/user_diskio.o
 .debug_info    0x00010c52       0x22 startup/startup_stm32f103x6.o

.debug_abbrev   0x00000000     0x2628
 .debug_abbrev  0x00000000      0x1ed Drivers/STM32F1xx_HAL_Driver/Src/stm32f1xx_hal.o
 .debug_abbrev  0x000001ed      0x303 Drivers/STM32F1xx_HAL_Driver/Src/stm32f1xx_hal_cortex.o
 .debug_abbrev  0x000004f0      0x1de Drivers/STM32F1xx_HAL_Driver/Src/stm32f1xx_hal_gpio.o
 .debug_abbrev  0x000006ce      0x257 Drivers/STM32F1xx_HAL_Driver/Src/stm32f1xx_hal_rcc.o
 .debug_abbrev  0x00000925      0x238 Drivers/STM32F1xx_HAL_Driver/Src/stm32f1xx_hal_spi.o
 .debug_abbrev  0x00000b5d      0x26e Drivers/STM32F1xx_HAL_Driver/Src/stm32f1xx_hal_uart.o
 .debug_abbrev  0x00000dcb      0x1b2 Middlewares/Third_Party/FatFs/src/diskio.o
 .debug_abbrev  0x00000f7d      0x2a1 Middlewares/Third_Party/FatFs/src/ff.o
 .debug_abbrev  0x0000121e      0x1a6 Middlewares/Third_Party/FatFs/src/ff_gen_drv.o
 .debug_abbrev  0x000013c4      0x117 Middlewares/Third_Party/FatFs/src/option/ccsbcs.o
 .debug_abbrev  0x000014db      0x1a7 Src/fatfs.o
 .debug_abbrev  0x00001682      0x2c1 Src/fatfs_sd.o
 .debug_abbrev  0x00001943      0x3d5 Src/main.o
 .debug_abbrev  0x00001d18      0x1a9 Src/stm32f1xx_hal_msp.o
 .debug_abbrev  0x00001ec1       0xf5 Src/stm32f1xx_it.o
 .debug_abbrev  0x00001fb6      0x2d4 Src/syscalls.o
 .debug_abbrev  0x0000228a      0x134 Src/system_stm32f1xx.o
 .debug_abbrev  0x000023be      0x258 Src/user_diskio.o
 .debug_abbrev  0x00002616       0x12 startup/startup_stm32f103x6.o

.debug_loc      0x00000000     0xacb9
 .debug_loc     0x00000000      0x11b Drivers/STM32F1xx_HAL_Driver/Src/stm32f1xx_hal.o
 .debug_loc     0x0000011b      0x5ad Drivers/STM32F1xx_HAL_Driver/Src/stm32f1xx_hal_cortex.o
 .debug_loc     0x000006c8      0x3c6 Drivers/STM32F1xx_HAL_Driver/Src/stm32f1xx_hal_gpio.o
 .debug_loc     0x00000a8e      0x4bb Drivers/STM32F1xx_HAL_Driver/Src/stm32f1xx_hal_rcc.o
 .debug_loc     0x00000f49     0x19e5 Drivers/STM32F1xx_HAL_Driver/Src/stm32f1xx_hal_spi.o
 .debug_loc     0x0000292e     0x1ab3 Drivers/STM32F1xx_HAL_Driver/Src/stm32f1xx_hal_uart.o
 .debug_loc     0x000043e1      0x1f1 Middlewares/Third_Party/FatFs/src/diskio.o
 .debug_loc     0x000045d2     0x5140 Middlewares/Third_Party/FatFs/src/ff.o
 .debug_loc     0x00009712      0x233 Middlewares/Third_Party/FatFs/src/ff_gen_drv.o
 .debug_loc     0x00009945       0xc7 Middlewares/Third_Party/FatFs/src/option/ccsbcs.o
 .debug_loc     0x00009a0c      0x9ef Src/fatfs_sd.o
 .debug_loc     0x0000a3fb      0x19b Src/main.o
 .debug_loc     0x0000a596       0xe8 Src/stm32f1xx_hal_msp.o
 .debug_loc     0x0000a67e      0x3af Src/syscalls.o
 .debug_loc     0x0000aa2d       0xdf Src/system_stm32f1xx.o
 .debug_loc     0x0000ab0c      0x1ad Src/user_diskio.o

.debug_aranges  0x00000000      0xc48
 .debug_aranges
                0x00000000       0xe0 Drivers/STM32F1xx_HAL_Driver/Src/stm32f1xx_hal.o
 .debug_aranges
                0x000000e0       0x90 Drivers/STM32F1xx_HAL_Driver/Src/stm32f1xx_hal_cortex.o
 .debug_aranges
                0x00000170       0x58 Drivers/STM32F1xx_HAL_Driver/Src/stm32f1xx_hal_gpio.o
 .debug_aranges
                0x000001c8       0x90 Drivers/STM32F1xx_HAL_Driver/Src/stm32f1xx_hal_rcc.o
 .debug_aranges
                0x00000258      0x1d0 Drivers/STM32F1xx_HAL_Driver/Src/stm32f1xx_hal_spi.o
 .debug_aranges
                0x00000428      0x200 Drivers/STM32F1xx_HAL_Driver/Src/stm32f1xx_hal_uart.o
 .debug_aranges
                0x00000628       0x48 Middlewares/Third_Party/FatFs/src/diskio.o
 .debug_aranges
                0x00000670      0x210 Middlewares/Third_Party/FatFs/src/ff.o
 .debug_aranges
                0x00000880       0x40 Middlewares/Third_Party/FatFs/src/ff_gen_drv.o
 .debug_aranges
                0x000008c0       0x28 Middlewares/Third_Party/FatFs/src/option/ccsbcs.o
 .debug_aranges
                0x000008e8       0x28 Src/fatfs.o
 .debug_aranges
                0x00000910       0xa8 Src/fatfs_sd.o
 .debug_aranges
                0x000009b8       0xa8 Src/main.o
 .debug_aranges
                0x00000a60       0x40 Src/stm32f1xx_hal_msp.o
 .debug_aranges
                0x00000aa0       0x68 Src/stm32f1xx_it.o
 .debug_aranges
                0x00000b08       0xb0 Src/syscalls.o
 .debug_aranges
                0x00000bb8       0x28 Src/system_stm32f1xx.o
 .debug_aranges
                0x00000be0       0x40 Src/user_diskio.o
 .debug_aranges
                0x00000c20       0x28 startup/startup_stm32f103x6.o

.debug_ranges   0x00000000      0xba0
 .debug_ranges  0x00000000       0xd0 Drivers/STM32F1xx_HAL_Driver/Src/stm32f1xx_hal.o
 .debug_ranges  0x000000d0       0xe0 Drivers/STM32F1xx_HAL_Driver/Src/stm32f1xx_hal_cortex.o
 .debug_ranges  0x000001b0       0x48 Drivers/STM32F1xx_HAL_Driver/Src/stm32f1xx_hal_gpio.o
 .debug_ranges  0x000001f8       0xa0 Drivers/STM32F1xx_HAL_Driver/Src/stm32f1xx_hal_rcc.o
 .debug_ranges  0x00000298      0x1c0 Drivers/STM32F1xx_HAL_Driver/Src/stm32f1xx_hal_spi.o
 .debug_ranges  0x00000458      0x1f0 Drivers/STM32F1xx_HAL_Driver/Src/stm32f1xx_hal_uart.o
 .debug_ranges  0x00000648       0x38 Middlewares/Third_Party/FatFs/src/diskio.o
 .debug_ranges  0x00000680      0x200 Middlewares/Third_Party/FatFs/src/ff.o
 .debug_ranges  0x00000880       0x30 Middlewares/Third_Party/FatFs/src/ff_gen_drv.o
 .debug_ranges  0x000008b0       0x18 Middlewares/Third_Party/FatFs/src/option/ccsbcs.o
 .debug_ranges  0x000008c8       0x18 Src/fatfs.o
 .debug_ranges  0x000008e0       0x98 Src/fatfs_sd.o
 .debug_ranges  0x00000978       0x98 Src/main.o
 .debug_ranges  0x00000a10       0x30 Src/stm32f1xx_hal_msp.o
 .debug_ranges  0x00000a40       0x58 Src/stm32f1xx_it.o
 .debug_ranges  0x00000a98       0xa0 Src/syscalls.o
 .debug_ranges  0x00000b38       0x18 Src/system_stm32f1xx.o
 .debug_ranges  0x00000b50       0x30 Src/user_diskio.o
 .debug_ranges  0x00000b80       0x20 startup/startup_stm32f103x6.o

.debug_macro    0x00000000    0x183b2
 .debug_macro   0x00000000      0x1bb Drivers/STM32F1xx_HAL_Driver/Src/stm32f1xx_hal.o
 .debug_macro   0x000001bb      0xa54 Drivers/STM32F1xx_HAL_Driver/Src/stm32f1xx_hal.o
 .debug_macro   0x00000c0f      0x21b Drivers/STM32F1xx_HAL_Driver/Src/stm32f1xx_hal.o
 .debug_macro   0x00000e2a       0x2e Drivers/STM32F1xx_HAL_Driver/Src/stm32f1xx_hal.o
 .debug_macro   0x00000e58       0x22 Drivers/STM32F1xx_HAL_Driver/Src/stm32f1xx_hal.o
 .debug_macro   0x00000e7a       0x22 Drivers/STM32F1xx_HAL_Driver/Src/stm32f1xx_hal.o
 .debug_macro   0x00000e9c       0x8e Drivers/STM32F1xx_HAL_Driver/Src/stm32f1xx_hal.o
 .debug_macro   0x00000f2a       0x51 Drivers/STM32F1xx_HAL_Driver/Src/stm32f1xx_hal.o
 .debug_macro   0x00000f7b       0xef Drivers/STM32F1xx_HAL_Driver/Src/stm32f1xx_hal.o
 .debug_macro   0x0000106a       0x6a Drivers/STM32F1xx_HAL_Driver/Src/stm32f1xx_hal.o
 .debug_macro   0x000010d4      0x1df Drivers/STM32F1xx_HAL_Driver/Src/stm32f1xx_hal.o
 .debug_macro   0x000012b3       0x1c Drivers/STM32F1xx_HAL_Driver/Src/stm32f1xx_hal.o
 .debug_macro   0x000012cf       0x22 Drivers/STM32F1xx_HAL_Driver/Src/stm32f1xx_hal.o
 .debug_macro   0x000012f1       0xc3 Drivers/STM32F1xx_HAL_Driver/Src/stm32f1xx_hal.o
 .debug_macro   0x000013b4      0xd23 Drivers/STM32F1xx_HAL_Driver/Src/stm32f1xx_hal.o
 .debug_macro   0x000020d7     0xde75 Drivers/STM32F1xx_HAL_Driver/Src/stm32f1xx_hal.o
 .debug_macro   0x0000ff4c       0x6d Drivers/STM32F1xx_HAL_Driver/Src/stm32f1xx_hal.o
 .debug_macro   0x0000ffb9     0x3468 Drivers/STM32F1xx_HAL_Driver/Src/stm32f1xx_hal.o
 .debug_macro   0x00013421      0x174 Drivers/STM32F1xx_HAL_Driver/Src/stm32f1xx_hal.o
 .debug_macro   0x00013595       0x5c Drivers/STM32F1xx_HAL_Driver/Src/stm32f1xx_hal.o
 .debug_macro   0x000135f1      0x5be Drivers/STM32F1xx_HAL_Driver/Src/stm32f1xx_hal.o
 .debug_macro   0x00013baf      0x1b7 Drivers/STM32F1xx_HAL_Driver/Src/stm32f1xx_hal.o
 .debug_macro   0x00013d66      0x1cb Drivers/STM32F1xx_HAL_Driver/Src/stm32f1xx_hal.o
 .debug_macro   0x00013f31      0x114 Drivers/STM32F1xx_HAL_Driver/Src/stm32f1xx_hal.o
 .debug_macro   0x00014045      0x1b2 Drivers/STM32F1xx_HAL_Driver/Src/stm32f1xx_hal.o
 .debug_macro   0x000141f7       0x27 Drivers/STM32F1xx_HAL_Driver/Src/stm32f1xx_hal.o
 .debug_macro   0x0001421e      0x12f Drivers/STM32F1xx_HAL_Driver/Src/stm32f1xx_hal.o
 .debug_macro   0x0001434d      0x1bc Drivers/STM32F1xx_HAL_Driver/Src/stm32f1xx_hal.o
 .debug_macro   0x00014509       0x34 Drivers/STM32F1xx_HAL_Driver/Src/stm32f1xx_hal.o
 .debug_macro   0x0001453d       0x3c Drivers/STM32F1xx_HAL_Driver/Src/stm32f1xx_hal.o
 .debug_macro   0x00014579       0x57 Drivers/STM32F1xx_HAL_Driver/Src/stm32f1xx_hal.o
 .debug_macro   0x000145d0       0x88 Drivers/STM32F1xx_HAL_Driver/Src/stm32f1xx_hal.o
 .debug_macro   0x00014658      0x183 Drivers/STM32F1xx_HAL_Driver/Src/stm32f1xx_hal.o
 .debug_macro   0x000147db      0x141 Drivers/STM32F1xx_HAL_Driver/Src/stm32f1xx_hal.o
 .debug_macro   0x0001491c      0x217 Drivers/STM32F1xx_HAL_Driver/Src/stm32f1xx_hal.o
 .debug_macro   0x00014b33      0x279 Drivers/STM32F1xx_HAL_Driver/Src/stm32f1xx_hal.o
 .debug_macro   0x00014dac       0x69 Drivers/STM32F1xx_HAL_Driver/Src/stm32f1xx_hal.o
 .debug_macro   0x00014e15      0x197 Drivers/STM32F1xx_HAL_Driver/Src/stm32f1xx_hal_cortex.o
 .debug_macro   0x00014fac      0x202 Drivers/STM32F1xx_HAL_Driver/Src/stm32f1xx_hal_gpio.o
 .debug_macro   0x000151ae      0x1a9 Drivers/STM32F1xx_HAL_Driver/Src/stm32f1xx_hal_rcc.o
 .debug_macro   0x00015357      0x19f Drivers/STM32F1xx_HAL_Driver/Src/stm32f1xx_hal_spi.o
 .debug_macro   0x000154f6      0x198 Drivers/STM32F1xx_HAL_Driver/Src/stm32f1xx_hal_uart.o
 .debug_macro   0x0001568e      0x1e6 Middlewares/Third_Party/FatFs/src/diskio.o
 .debug_macro   0x00015874       0x16 Middlewares/Third_Party/FatFs/src/diskio.o
 .debug_macro   0x0001588a       0x7c Middlewares/Third_Party/FatFs/src/diskio.o
 .debug_macro   0x00015906       0x10 Middlewares/Third_Party/FatFs/src/diskio.o
 .debug_macro   0x00015916       0xd8 Middlewares/Third_Party/FatFs/src/diskio.o
 .debug_macro   0x000159ee       0xf5 Middlewares/Third_Party/FatFs/src/diskio.o
 .debug_macro   0x00015ae3      0x42d Middlewares/Third_Party/FatFs/src/ff.o
 .debug_macro   0x00015f10       0x8e Middlewares/Third_Party/FatFs/src/ff.o
 .debug_macro   0x00015f9e       0x58 Middlewares/Third_Party/FatFs/src/ff.o
 .debug_macro   0x00015ff6      0x1e6 Middlewares/Third_Party/FatFs/src/ff_gen_drv.o
 .debug_macro   0x000161dc      0x1d4 Middlewares/Third_Party/FatFs/src/option/ccsbcs.o
 .debug_macro   0x000163b0      0x1f9 Src/fatfs.o
 .debug_macro   0x000165a9      0x1dc Src/fatfs_sd.o
 .debug_macro   0x00016785       0x88 Src/fatfs_sd.o
 .debug_macro   0x0001680d      0x396 Src/main.o
 .debug_macro   0x00016ba3       0x5e Src/main.o
 .debug_macro   0x00016c01       0x16 Src/main.o
 .debug_macro   0x00016c17       0x35 Src/main.o
 .debug_macro   0x00016c4c      0x32a Src/main.o
 .debug_macro   0x00016f76       0x10 Src/main.o
 .debug_macro   0x00016f86       0x10 Src/main.o
 .debug_macro   0x00016f96       0x1c Src/main.o
 .debug_macro   0x00016fb2       0x52 Src/main.o
 .debug_macro   0x00017004       0x40 Src/main.o
 .debug_macro   0x00017044       0x10 Src/main.o
 .debug_macro   0x00017054       0x40 Src/main.o
 .debug_macro   0x00017094       0xd7 Src/main.o
 .debug_macro   0x0001716b       0x1c Src/main.o
 .debug_macro   0x00017187       0x3d Src/main.o
 .debug_macro   0x000171c4       0x16 Src/main.o
 .debug_macro   0x000171da      0x16f Src/main.o
 .debug_macro   0x00017349       0x16 Src/main.o
 .debug_macro   0x0001735f       0x4c Src/main.o
 .debug_macro   0x000173ab      0x1a6 Src/stm32f1xx_hal_msp.o
 .debug_macro   0x00017551      0x1b0 Src/stm32f1xx_it.o
 .debug_macro   0x00017701      0x243 Src/syscalls.o
 .debug_macro   0x00017944       0x10 Src/syscalls.o
 .debug_macro   0x00017954       0x10 Src/syscalls.o
 .debug_macro   0x00017964       0x10 Src/syscalls.o
 .debug_macro   0x00017974       0x35 Src/syscalls.o
 .debug_macro   0x000179a9      0x122 Src/syscalls.o
 .debug_macro   0x00017acb       0x10 Src/syscalls.o
 .debug_macro   0x00017adb      0x241 Src/syscalls.o
 .debug_macro   0x00017d1c       0x1c Src/syscalls.o
 .debug_macro   0x00017d38       0x10 Src/syscalls.o
 .debug_macro   0x00017d48      0x189 Src/syscalls.o
 .debug_macro   0x00017ed1       0x16 Src/syscalls.o
 .debug_macro   0x00017ee7       0x88 Src/syscalls.o
 .debug_macro   0x00017f6f      0x197 Src/system_stm32f1xx.o
 .debug_macro   0x00018106      0x29c Src/user_diskio.o
 .debug_macro   0x000183a2       0x10 Src/user_diskio.o

.debug_line     0x00000000     0xac3f
 .debug_line    0x00000000      0x806 Drivers/STM32F1xx_HAL_Driver/Src/stm32f1xx_hal.o
 .debug_line    0x00000806      0x815 Drivers/STM32F1xx_HAL_Driver/Src/stm32f1xx_hal_cortex.o
 .debug_line    0x0000101b      0x7c6 Drivers/STM32F1xx_HAL_Driver/Src/stm32f1xx_hal_gpio.o
 .debug_line    0x000017e1      0x910 Drivers/STM32F1xx_HAL_Driver/Src/stm32f1xx_hal_rcc.o
 .debug_line    0x000020f1     0x108e Drivers/STM32F1xx_HAL_Driver/Src/stm32f1xx_hal_spi.o
 .debug_line    0x0000317f     0x10e3 Drivers/STM32F1xx_HAL_Driver/Src/stm32f1xx_hal_uart.o
 .debug_line    0x00004262      0x6da Middlewares/Third_Party/FatFs/src/diskio.o
 .debug_line    0x0000493c     0x18a3 Middlewares/Third_Party/FatFs/src/ff.o
 .debug_line    0x000061df      0x6e2 Middlewares/Third_Party/FatFs/src/ff_gen_drv.o
 .debug_line    0x000068c1      0x6e2 Middlewares/Third_Party/FatFs/src/option/ccsbcs.o
 .debug_line    0x00006fa3      0x6cb Src/fatfs.o
 .debug_line    0x0000766e      0xa1c Src/fatfs_sd.o
 .debug_line    0x0000808a      0xa0c Src/main.o
 .debug_line    0x00008a96      0x6a4 Src/stm32f1xx_hal_msp.o
 .debug_line    0x0000913a      0x6d6 Src/stm32f1xx_it.o
 .debug_line    0x00009810      0x5d1 Src/syscalls.o
 .debug_line    0x00009de1      0x657 Src/system_stm32f1xx.o
 .debug_line    0x0000a438      0x787 Src/user_diskio.o
 .debug_line    0x0000abbf       0x80 startup/startup_stm32f103x6.o

.debug_str      0x00000000    0x84187
 .debug_str     0x00000000    0x7b9e5 Drivers/STM32F1xx_HAL_Driver/Src/stm32f1xx_hal.o
                              0x7be87 (size before relaxing)
 .debug_str     0x0007b9e5      0x2c5 Drivers/STM32F1xx_HAL_Driver/Src/stm32f1xx_hal_cortex.o
                              0x7be4a (size before relaxing)
 .debug_str     0x0007bcaa      0x3a9 Drivers/STM32F1xx_HAL_Driver/Src/stm32f1xx_hal_gpio.o
                              0x7bbaf (size before relaxing)
 .debug_str     0x0007c053      0x35f Drivers/STM32F1xx_HAL_Driver/Src/stm32f1xx_hal_rcc.o
                              0x7bc0f (size before relaxing)
 .debug_str     0x0007c3b2      0x8ff Drivers/STM32F1xx_HAL_Driver/Src/stm32f1xx_hal_spi.o
                              0x7c133 (size before relaxing)
 .debug_str     0x0007ccb1      0x78f Drivers/STM32F1xx_HAL_Driver/Src/stm32f1xx_hal_uart.o
                              0x7c251 (size before relaxing)
 .debug_str     0x0007d440      0x86a Middlewares/Third_Party/FatFs/src/diskio.o
                              0x7c00f (size before relaxing)
 .debug_str     0x0007dcaa      0xe95 Middlewares/Third_Party/FatFs/src/ff.o
                              0x7ced7 (size before relaxing)
 .debug_str     0x0007eb3f       0xa2 Middlewares/Third_Party/FatFs/src/ff_gen_drv.o
                              0x7c060 (size before relaxing)
 .debug_str     0x0007ebe1       0x53 Middlewares/Third_Party/FatFs/src/option/ccsbcs.o
                              0x7be00 (size before relaxing)
 .debug_str     0x0007ec34       0x69 Src/fatfs.o
                              0x7c0e3 (size before relaxing)
 .debug_str     0x0007ec9d      0x2c4 Src/fatfs_sd.o
                              0x7c04f (size before relaxing)
 .debug_str     0x0007ef61     0x3e63 Src/main.o
                              0x80b9d (size before relaxing)
 .debug_str     0x00082dc4       0x1b Src/stm32f1xx_hal_msp.o
                              0x7be1a (size before relaxing)
 .debug_str     0x00082ddf       0xd1 Src/stm32f1xx_it.o
                              0x7b888 (size before relaxing)
 .debug_str     0x00082eb0     0x120a Src/syscalls.o
                               0x856e (size before relaxing)
 .debug_str     0x000840ba       0x4d Src/system_stm32f1xx.o
                              0x7b7e6 (size before relaxing)
 .debug_str     0x00084107       0x51 Src/user_diskio.o
                              0x7ebb1 (size before relaxing)
 .debug_str     0x00084158       0x2f startup/startup_stm32f103x6.o
                                 0x56 (size before relaxing)

.comment        0x00000000       0x7f
 .comment       0x00000000       0x7f Drivers/STM32F1xx_HAL_Driver/Src/stm32f1xx_hal.o
                                 0x80 (size before relaxing)
 .comment       0x0000007f       0x80 Drivers/STM32F1xx_HAL_Driver/Src/stm32f1xx_hal_cortex.o
 .comment       0x0000007f       0x80 Drivers/STM32F1xx_HAL_Driver/Src/stm32f1xx_hal_gpio.o
 .comment       0x0000007f       0x80 Drivers/STM32F1xx_HAL_Driver/Src/stm32f1xx_hal_rcc.o
 .comment       0x0000007f       0x80 Drivers/STM32F1xx_HAL_Driver/Src/stm32f1xx_hal_spi.o
 .comment       0x0000007f       0x80 Drivers/STM32F1xx_HAL_Driver/Src/stm32f1xx_hal_uart.o
 .comment       0x0000007f       0x80 Middlewares/Third_Party/FatFs/src/diskio.o
 .comment       0x0000007f       0x80 Middlewares/Third_Party/FatFs/src/ff.o
 .comment       0x0000007f       0x80 Middlewares/Third_Party/FatFs/src/ff_gen_drv.o
 .comment       0x0000007f       0x80 Middlewares/Third_Party/FatFs/src/option/ccsbcs.o
 .comment       0x0000007f       0x80 Src/fatfs.o
 .comment       0x0000007f       0x80 Src/fatfs_sd.o
 .comment       0x0000007f       0x80 Src/main.o
 .comment       0x0000007f       0x80 Src/stm32f1xx_hal_msp.o
 .comment       0x0000007f       0x80 Src/stm32f1xx_it.o
 .comment       0x0000007f       0x80 Src/syscalls.o
 .comment       0x0000007f       0x80 Src/system_stm32f1xx.o
 .comment       0x0000007f       0x80 Src/user_diskio.o

.debug_frame    0x00000000     0x2704
 .debug_frame   0x00000000      0x1cc Drivers/STM32F1xx_HAL_Driver/Src/stm32f1xx_hal.o
 .debug_frame   0x000001cc      0x12c Drivers/STM32F1xx_HAL_Driver/Src/stm32f1xx_hal_cortex.o
 .debug_frame   0x000002f8       0xe8 Drivers/STM32F1xx_HAL_Driver/Src/stm32f1xx_hal_gpio.o
 .debug_frame   0x000003e0      0x198 Drivers/STM32F1xx_HAL_Driver/Src/stm32f1xx_hal_rcc.o
 .debug_frame   0x00000578      0x598 Drivers/STM32F1xx_HAL_Driver/Src/stm32f1xx_hal_spi.o
 .debug_frame   0x00000b10      0x5bc Drivers/STM32F1xx_HAL_Driver/Src/stm32f1xx_hal_uart.o
 .debug_frame   0x000010cc       0xa0 Middlewares/Third_Party/FatFs/src/diskio.o
 .debug_frame   0x0000116c      0x84c Middlewares/Third_Party/FatFs/src/ff.o
 .debug_frame   0x000019b8       0x7c Middlewares/Third_Party/FatFs/src/ff_gen_drv.o
 .debug_frame   0x00001a34       0x30 Middlewares/Third_Party/FatFs/src/option/ccsbcs.o
 .debug_frame   0x00001a64       0x38 Src/fatfs.o
 .debug_frame   0x00001a9c      0x214 Src/fatfs_sd.o
 .debug_frame   0x00001cb0      0x1ec Src/main.o
 .debug_frame   0x00001e9c       0x98 Src/stm32f1xx_hal_msp.o
 .debug_frame   0x00001f34       0xb8 Src/stm32f1xx_it.o
 .debug_frame   0x00001fec      0x1a8 Src/syscalls.o
 .debug_frame   0x00002194       0x30 Src/system_stm32f1xx.o
 .debug_frame   0x000021c4       0x88 Src/user_diskio.o
 .debug_frame   0x0000224c       0xac c:/ac6/systemworkbench/plugins/fr.ac6.mcu.externaltools.arm-none.win32_1.17.0.201812190825/tools/compiler/bin/../lib/gcc/arm-none-eabi/7.3.1/thumb/v7-m\libgcc.a(_arm_addsubdf3.o)
 .debug_frame   0x000022f8       0x50 c:/ac6/systemworkbench/plugins/fr.ac6.mcu.externaltools.arm-none.win32_1.17.0.201812190825/tools/compiler/bin/../lib/gcc/arm-none-eabi/7.3.1/thumb/v7-m\libgcc.a(_arm_muldivdf3.o)
 .debug_frame   0x00002348       0x24 c:/ac6/systemworkbench/plugins/fr.ac6.mcu.externaltools.arm-none.win32_1.17.0.201812190825/tools/compiler/bin/../lib/gcc/arm-none-eabi/7.3.1/thumb/v7-m\libgcc.a(_arm_fixunsdfsi.o)
 .debug_frame   0x0000236c       0x20 c:/ac6/systemworkbench/plugins/fr.ac6.mcu.externaltools.arm-none.win32_1.17.0.201812190825/tools/compiler/bin/../lib/gcc/arm-none-eabi/7.3.1/../../../../arm-none-eabi/lib/thumb/v7-m\libc_nano.a(lib_a-errno.o)
 .debug_frame   0x0000238c       0x2c c:/ac6/systemworkbench/plugins/fr.ac6.mcu.externaltools.arm-none.win32_1.17.0.201812190825/tools/compiler/bin/../lib/gcc/arm-none-eabi/7.3.1/../../../../arm-none-eabi/lib/thumb/v7-m\libc_nano.a(lib_a-init.o)
 .debug_frame   0x000023b8       0x6c c:/ac6/systemworkbench/plugins/fr.ac6.mcu.externaltools.arm-none.win32_1.17.0.201812190825/tools/compiler/bin/../lib/gcc/arm-none-eabi/7.3.1/../../../../arm-none-eabi/lib/thumb/v7-m\libc_nano.a(lib_a-sprintf.o)
 .debug_frame   0x00002424       0x90 c:/ac6/systemworkbench/plugins/fr.ac6.mcu.externaltools.arm-none.win32_1.17.0.201812190825/tools/compiler/bin/../lib/gcc/arm-none-eabi/7.3.1/../../../../arm-none-eabi/lib/thumb/v7-m\libc_nano.a(lib_a-nano-svfprintf.o)
 .debug_frame   0x000024b4       0x60 c:/ac6/systemworkbench/plugins/fr.ac6.mcu.externaltools.arm-none.win32_1.17.0.201812190825/tools/compiler/bin/../lib/gcc/arm-none-eabi/7.3.1/../../../../arm-none-eabi/lib/thumb/v7-m\libc_nano.a(lib_a-nano-vfprintf_i.o)
 .debug_frame   0x00002514       0x28 c:/ac6/systemworkbench/plugins/fr.ac6.mcu.externaltools.arm-none.win32_1.17.0.201812190825/tools/compiler/bin/../lib/gcc/arm-none-eabi/7.3.1/../../../../arm-none-eabi/lib/thumb/v7-m\libc_nano.a(lib_a-memchr-stub.o)
 .debug_frame   0x0000253c       0x28 c:/ac6/systemworkbench/plugins/fr.ac6.mcu.externaltools.arm-none.win32_1.17.0.201812190825/tools/compiler/bin/../lib/gcc/arm-none-eabi/7.3.1/../../../../arm-none-eabi/lib/thumb/v7-m\libc_nano.a(lib_a-memcpy-stub.o)
 .debug_frame   0x00002564       0x28 c:/ac6/systemworkbench/plugins/fr.ac6.mcu.externaltools.arm-none.win32_1.17.0.201812190825/tools/compiler/bin/../lib/gcc/arm-none-eabi/7.3.1/../../../../arm-none-eabi/lib/thumb/v7-m\libc_nano.a(lib_a-memmove.o)
 .debug_frame   0x0000258c       0x38 c:/ac6/systemworkbench/plugins/fr.ac6.mcu.externaltools.arm-none.win32_1.17.0.201812190825/tools/compiler/bin/../lib/gcc/arm-none-eabi/7.3.1/../../../../arm-none-eabi/lib/thumb/v7-m\libc_nano.a(lib_a-nano-freer.o)
 .debug_frame   0x000025c4       0x2c c:/ac6/systemworkbench/plugins/fr.ac6.mcu.externaltools.arm-none.win32_1.17.0.201812190825/tools/compiler/bin/../lib/gcc/arm-none-eabi/7.3.1/../../../../arm-none-eabi/lib/thumb/v7-m\libc_nano.a(lib_a-nano-mallocr.o)
 .debug_frame   0x000025f0       0x3c c:/ac6/systemworkbench/plugins/fr.ac6.mcu.externaltools.arm-none.win32_1.17.0.201812190825/tools/compiler/bin/../lib/gcc/arm-none-eabi/7.3.1/../../../../arm-none-eabi/lib/thumb/v7-m\libc_nano.a(lib_a-nano-reallocr.o)
 .debug_frame   0x0000262c       0x2c c:/ac6/systemworkbench/plugins/fr.ac6.mcu.externaltools.arm-none.win32_1.17.0.201812190825/tools/compiler/bin/../lib/gcc/arm-none-eabi/7.3.1/../../../../arm-none-eabi/lib/thumb/v7-m\libc_nano.a(lib_a-sbrkr.o)
 .debug_frame   0x00002658       0x30 c:/ac6/systemworkbench/plugins/fr.ac6.mcu.externaltools.arm-none.win32_1.17.0.201812190825/tools/compiler/bin/../lib/gcc/arm-none-eabi/7.3.1/../../../../arm-none-eabi/lib/thumb/v7-m\libc_nano.a(lib_a-mlock.o)
 .debug_frame   0x00002688       0x20 c:/ac6/systemworkbench/plugins/fr.ac6.mcu.externaltools.arm-none.win32_1.17.0.201812190825/tools/compiler/bin/../lib/gcc/arm-none-eabi/7.3.1/../../../../arm-none-eabi/lib/thumb/v7-m\libc_nano.a(lib_a-nano-msizer.o)
 .debug_frame   0x000026a8       0x5c c:/ac6/systemworkbench/plugins/fr.ac6.mcu.externaltools.arm-none.win32_1.17.0.201812190825/tools/compiler/bin/../lib/gcc/arm-none-eabi/7.3.1/../../../../arm-none-eabi/lib/thumb/v7-m\libc_nano.a(lib_a-reent.o)
